Archive member included to satisfy reference by file (symbol)

/opt/st/stm32cubeide_1.11.0/plugins/com.st.stm32cube.ide.mcu.externaltools.gnu-tools-for-stm32.10.3-2021.10.linux64_1.0.100.202210260954/tools/bin/../lib/gcc/arm-none-eabi/10.3.1/../../../../arm-none-eabi/lib/thumb/v7e-m+fp/hard/libc_nano.a(lib_a-errno.o)
                              ./Core/Src/syscalls.o (__errno)
/opt/st/stm32cubeide_1.11.0/plugins/com.st.stm32cube.ide.mcu.externaltools.gnu-tools-for-stm32.10.3-2021.10.linux64_1.0.100.202210260954/tools/bin/../lib/gcc/arm-none-eabi/10.3.1/../../../../arm-none-eabi/lib/thumb/v7e-m+fp/hard/libc_nano.a(lib_a-exit.o)
                              /opt/st/stm32cubeide_1.11.0/plugins/com.st.stm32cube.ide.mcu.externaltools.gnu-tools-for-stm32.10.3-2021.10.linux64_1.0.100.202210260954/tools/bin/../lib/gcc/arm-none-eabi/10.3.1/../../../../arm-none-eabi/lib/thumb/v7e-m+fp/hard/crt0.o (exit)
/opt/st/stm32cubeide_1.11.0/plugins/com.st.stm32cube.ide.mcu.externaltools.gnu-tools-for-stm32.10.3-2021.10.linux64_1.0.100.202210260954/tools/bin/../lib/gcc/arm-none-eabi/10.3.1/../../../../arm-none-eabi/lib/thumb/v7e-m+fp/hard/libc_nano.a(lib_a-impure.o)
                              /opt/st/stm32cubeide_1.11.0/plugins/com.st.stm32cube.ide.mcu.externaltools.gnu-tools-for-stm32.10.3-2021.10.linux64_1.0.100.202210260954/tools/bin/../lib/gcc/arm-none-eabi/10.3.1/../../../../arm-none-eabi/lib/thumb/v7e-m+fp/hard/libc_nano.a(lib_a-exit.o) (_global_impure_ptr)
/opt/st/stm32cubeide_1.11.0/plugins/com.st.stm32cube.ide.mcu.externaltools.gnu-tools-for-stm32.10.3-2021.10.linux64_1.0.100.202210260954/tools/bin/../lib/gcc/arm-none-eabi/10.3.1/../../../../arm-none-eabi/lib/thumb/v7e-m+fp/hard/libc_nano.a(lib_a-init.o)
                              /opt/st/stm32cubeide_1.11.0/plugins/com.st.stm32cube.ide.mcu.externaltools.gnu-tools-for-stm32.10.3-2021.10.linux64_1.0.100.202210260954/tools/bin/../lib/gcc/arm-none-eabi/10.3.1/../../../../arm-none-eabi/lib/thumb/v7e-m+fp/hard/crt0.o (__libc_init_array)
/opt/st/stm32cubeide_1.11.0/plugins/com.st.stm32cube.ide.mcu.externaltools.gnu-tools-for-stm32.10.3-2021.10.linux64_1.0.100.202210260954/tools/bin/../lib/gcc/arm-none-eabi/10.3.1/../../../../arm-none-eabi/lib/thumb/v7e-m+fp/hard/libc_nano.a(lib_a-memcpy-stub.o)
                              ./USB_DEVICE/App/usbd_cdc_if.o (memcpy)
/opt/st/stm32cubeide_1.11.0/plugins/com.st.stm32cube.ide.mcu.externaltools.gnu-tools-for-stm32.10.3-2021.10.linux64_1.0.100.202210260954/tools/bin/../lib/gcc/arm-none-eabi/10.3.1/../../../../arm-none-eabi/lib/thumb/v7e-m+fp/hard/libc_nano.a(lib_a-memset.o)
                              /opt/st/stm32cubeide_1.11.0/plugins/com.st.stm32cube.ide.mcu.externaltools.gnu-tools-for-stm32.10.3-2021.10.linux64_1.0.100.202210260954/tools/bin/../lib/gcc/arm-none-eabi/10.3.1/../../../../arm-none-eabi/lib/thumb/v7e-m+fp/hard/crt0.o (memset)
/opt/st/stm32cubeide_1.11.0/plugins/com.st.stm32cube.ide.mcu.externaltools.gnu-tools-for-stm32.10.3-2021.10.linux64_1.0.100.202210260954/tools/bin/../lib/gcc/arm-none-eabi/10.3.1/thumb/v7e-m+fp/hard/libgcc.a(_aeabi_uldivmod.o)
                              ./Drivers/STM32F4xx_HAL_Driver/Src/stm32f4xx_hal_rcc.o (__aeabi_uldivmod)
/opt/st/stm32cubeide_1.11.0/plugins/com.st.stm32cube.ide.mcu.externaltools.gnu-tools-for-stm32.10.3-2021.10.linux64_1.0.100.202210260954/tools/bin/../lib/gcc/arm-none-eabi/10.3.1/thumb/v7e-m+fp/hard/libgcc.a(_udivmoddi4.o)
                              /opt/st/stm32cubeide_1.11.0/plugins/com.st.stm32cube.ide.mcu.externaltools.gnu-tools-for-stm32.10.3-2021.10.linux64_1.0.100.202210260954/tools/bin/../lib/gcc/arm-none-eabi/10.3.1/thumb/v7e-m+fp/hard/libgcc.a(_aeabi_uldivmod.o) (__udivmoddi4)
/opt/st/stm32cubeide_1.11.0/plugins/com.st.stm32cube.ide.mcu.externaltools.gnu-tools-for-stm32.10.3-2021.10.linux64_1.0.100.202210260954/tools/bin/../lib/gcc/arm-none-eabi/10.3.1/thumb/v7e-m+fp/hard/libgcc.a(_dvmd_tls.o)
                              /opt/st/stm32cubeide_1.11.0/plugins/com.st.stm32cube.ide.mcu.externaltools.gnu-tools-for-stm32.10.3-2021.10.linux64_1.0.100.202210260954/tools/bin/../lib/gcc/arm-none-eabi/10.3.1/thumb/v7e-m+fp/hard/libgcc.a(_aeabi_uldivmod.o) (__aeabi_ldiv0)

Discarded input sections

 .text          0x0000000000000000        0x0 /opt/st/stm32cubeide_1.11.0/plugins/com.st.stm32cube.ide.mcu.externaltools.gnu-tools-for-stm32.10.3-2021.10.linux64_1.0.100.202210260954/tools/bin/../lib/gcc/arm-none-eabi/10.3.1/thumb/v7e-m+fp/hard/crti.o
 .data          0x0000000000000000        0x0 /opt/st/stm32cubeide_1.11.0/plugins/com.st.stm32cube.ide.mcu.externaltools.gnu-tools-for-stm32.10.3-2021.10.linux64_1.0.100.202210260954/tools/bin/../lib/gcc/arm-none-eabi/10.3.1/thumb/v7e-m+fp/hard/crti.o
 .bss           0x0000000000000000        0x0 /opt/st/stm32cubeide_1.11.0/plugins/com.st.stm32cube.ide.mcu.externaltools.gnu-tools-for-stm32.10.3-2021.10.linux64_1.0.100.202210260954/tools/bin/../lib/gcc/arm-none-eabi/10.3.1/thumb/v7e-m+fp/hard/crti.o
[...]
Memory Configuration

Name             Origin             Length             Attributes
CCMRAM           0x0000000010000000 0x0000000000010000 xrw
RAM              0x0000000020000000 0x0000000000030000 xrw
FLASH            0x0000000008000000 0x0000000000200000 xr
*default*        0x0000000000000000 0xffffffffffffffff

Linker script and memory map

LOAD /opt/st/stm32cubeide_1.11.0/plugins/com.st.stm32cube.ide.mcu.externaltools.gnu-tools-for-stm32.10.3-2021.10.linux64_1.0.100.202210260954/tools/bin/../lib/gcc/arm-none-eabi/10.3.1/thumb/v7e-m+fp/hard/crti.o
LOAD /opt/st/stm32cubeide_1.11.0/plugins/com.st.stm32cube.ide.mcu.externaltools.gnu-tools-for-stm32.10.3-2021.10.linux64_1.0.100.202210260954/tools/bin/../lib/gcc/arm-none-eabi/10.3.1/thumb/v7e-m+fp/hard/crtbegin.o
LOAD /opt/st/stm32cubeide_1.11.0/plugins/com.st.stm32cube.ide.mcu.externaltools.gnu-tools-for-stm32.10.3-2021.10.linux64_1.0.100.202210260954/tools/bin/../lib/gcc/arm-none-eabi/10.3.1/../../../../arm-none-eabi/lib/thumb/v7e-m+fp/hard/crt0.o
LOAD ./Core/Src/dma.o
LOAD ./Core/Src/gpio.o
LOAD ./Core/Src/main.o
LOAD ./Core/Src/stm32f4xx_hal_msp.o
LOAD ./Core/Src/stm32f4xx_it.o
LOAD ./Core/Src/syscalls.o
LOAD ./Core/Src/sysmem.o
LOAD ./Core/Src/system_stm32f4xx.o
LOAD ./Core/Src/tim.o
LOAD ./Core/Src/usart.o
LOAD ./Core/Startup/startup_stm32f429zitx.o
LOAD ./Drivers/STM32F4xx_HAL_Driver/Src/stm32f4xx_hal.o
LOAD ./Drivers/STM32F4xx_HAL_Driver/Src/stm32f4xx_hal_cortex.o
LOAD ./Drivers/STM32F4xx_HAL_Driver/Src/stm32f4xx_hal_dma.o
LOAD ./Drivers/STM32F4xx_HAL_Driver/Src/stm32f4xx_hal_dma_ex.o
LOAD ./Drivers/STM32F4xx_HAL_Driver/Src/stm32f4xx_hal_exti.o
LOAD ./Drivers/STM32F4xx_HAL_Driver/Src/stm32f4xx_hal_flash.o
LOAD ./Drivers/STM32F4xx_HAL_Driver/Src/stm32f4xx_hal_flash_ex.o
LOAD ./Drivers/STM32F4xx_HAL_Driver/Src/stm32f4xx_hal_flash_ramfunc.o
LOAD ./Drivers/STM32F4xx_HAL_Driver/Src/stm32f4xx_hal_gpio.o
LOAD ./Drivers/STM32F4xx_HAL_Driver/Src/stm32f4xx_hal_pcd.o
LOAD ./Drivers/STM32F4xx_HAL_Driver/Src/stm32f4xx_hal_pcd_ex.o
LOAD ./Drivers/STM32F4xx_HAL_Driver/Src/stm32f4xx_hal_pwr.o
LOAD ./Drivers/STM32F4xx_HAL_Driver/Src/stm32f4xx_hal_pwr_ex.o
LOAD ./Drivers/STM32F4xx_HAL_Driver/Src/stm32f4xx_hal_rcc.o
LOAD ./Drivers/STM32F4xx_HAL_Driver/Src/stm32f4xx_hal_rcc_ex.o
LOAD ./Drivers/STM32F4xx_HAL_Driver/Src/stm32f4xx_hal_tim.o
LOAD ./Drivers/STM32F4xx_HAL_Driver/Src/stm32f4xx_hal_tim_ex.o
LOAD ./Drivers/STM32F4xx_HAL_Driver/Src/stm32f4xx_hal_uart.o
LOAD ./Drivers/STM32F4xx_HAL_Driver/Src/stm32f4xx_ll_usb.o
LOAD ./Middlewares/ST/STM32_USB_Device_Library/Class/CDC/Src/usbd_cdc.o
LOAD ./Middlewares/ST/STM32_USB_Device_Library/Core/Src/usbd_core.o
LOAD ./Middlewares/ST/STM32_USB_Device_Library/Core/Src/usbd_ctlreq.o
LOAD ./Middlewares/ST/STM32_USB_Device_Library/Core/Src/usbd_ioreq.o
LOAD ./USB_DEVICE/App/usb_device.o
LOAD ./USB_DEVICE/App/usbd_cdc_if.o
LOAD ./USB_DEVICE/App/usbd_desc.o
LOAD ./USB_DEVICE/Target/usbd_conf.o
START GROUP
LOAD /opt/st/stm32cubeide_1.11.0/plugins/com.st.stm32cube.ide.mcu.externaltools.gnu-tools-for-stm32.10.3-2021.10.linux64_1.0.100.202210260954/tools/bin/../lib/gcc/arm-none-eabi/10.3.1/../../../../arm-none-eabi/lib/thumb/v7e-m+fp/hard/libc_nano.a
LOAD /opt/st/stm32cubeide_1.11.0/plugins/com.st.stm32cube.ide.mcu.externaltools.gnu-tools-for-stm32.10.3-2021.10.linux64_1.0.100.202210260954/tools/bin/../lib/gcc/arm-none-eabi/10.3.1/../../../../arm-none-eabi/lib/thumb/v7e-m+fp/hard/libm.a
END GROUP
START GROUP
LOAD /opt/st/stm32cubeide_1.11.0/plugins/com.st.stm32cube.ide.mcu.externaltools.gnu-tools-for-stm32.10.3-2021.10.linux64_1.0.100.202210260954/tools/bin/../lib/gcc/arm-none-eabi/10.3.1/thumb/v7e-m+fp/hard/libgcc.a
LOAD /opt/st/stm32cubeide_1.11.0/plugins/com.st.stm32cube.ide.mcu.externaltools.gnu-tools-for-stm32.10.3-2021.10.linux64_1.0.100.202210260954/tools/bin/../lib/gcc/arm-none-eabi/10.3.1/../../../../arm-none-eabi/lib/thumb/v7e-m+fp/hard/libc_nano.a
END GROUP
START GROUP
LOAD /opt/st/stm32cubeide_1.11.0/plugins/com.st.stm32cube.ide.mcu.externaltools.gnu-tools-for-stm32.10.3-2021.10.linux64_1.0.100.202210260954/tools/bin/../lib/gcc/arm-none-eabi/10.3.1/thumb/v7e-m+fp/hard/libgcc.a
LOAD /opt/st/stm32cubeide_1.11.0/plugins/com.st.stm32cube.ide.mcu.externaltools.gnu-tools-for-stm32.10.3-2021.10.linux64_1.0.100.202210260954/tools/bin/../lib/gcc/arm-none-eabi/10.3.1/../../../../arm-none-eabi/lib/thumb/v7e-m+fp/hard/libc_nano.a
LOAD /opt/st/stm32cubeide_1.11.0/plugins/com.st.stm32cube.ide.mcu.externaltools.gnu-tools-for-stm32.10.3-2021.10.linux64_1.0.100.202210260954/tools/bin/../lib/gcc/arm-none-eabi/10.3.1/../../../../arm-none-eabi/lib/thumb/v7e-m+fp/hard/libnosys.a
END GROUP
START GROUP
LOAD /opt/st/stm32cubeide_1.11.0/plugins/com.st.stm32cube.ide.mcu.externaltools.gnu-tools-for-stm32.10.3-2021.10.linux64_1.0.100.202210260954/tools/bin/../lib/gcc/arm-none-eabi/10.3.1/thumb/v7e-m+fp/hard/libgcc.a
LOAD /opt/st/stm32cubeide_1.11.0/plugins/com.st.stm32cube.ide.mcu.externaltools.gnu-tools-for-stm32.10.3-2021.10.linux64_1.0.100.202210260954/tools/bin/../lib/gcc/arm-none-eabi/10.3.1/../../../../arm-none-eabi/lib/thumb/v7e-m+fp/hard/libc_nano.a
LOAD /opt/st/stm32cubeide_1.11.0/plugins/com.st.stm32cube.ide.mcu.externaltools.gnu-tools-for-stm32.10.3-2021.10.linux64_1.0.100.202210260954/tools/bin/../lib/gcc/arm-none-eabi/10.3.1/../../../../arm-none-eabi/lib/thumb/v7e-m+fp/hard/libnosys.a
END GROUP
LOAD /opt/st/stm32cubeide_1.11.0/plugins/com.st.stm32cube.ide.mcu.externaltools.gnu-tools-for-stm32.10.3-2021.10.linux64_1.0.100.202210260954/tools/bin/../lib/gcc/arm-none-eabi/10.3.1/thumb/v7e-m+fp/hard/crtend.o
LOAD /opt/st/stm32cubeide_1.11.0/plugins/com.st.stm32cube.ide.mcu.externaltools.gnu-tools-for-stm32.10.3-2021.10.linux64_1.0.100.202210260954/tools/bin/../lib/gcc/arm-none-eabi/10.3.1/thumb/v7e-m+fp/hard/crtn.o
                0x0000000020030000                _estack = (ORIGIN (RAM) + LENGTH (RAM))
                0x0000000000000200                _Min_Heap_Size = 0x200
                0x0000000000000400                _Min_Stack_Size = 0x400

.isr_vector     0x0000000008000000      0x1ac
                0x0000000008000000                . = ALIGN (0x4)
 *(.isr_vector)
 .isr_vector    0x0000000008000000      0x1ac ./Core/Startup/startup_stm32f429zitx.o
                0x0000000008000000                g_pfnVectors
                0x00000000080001ac                . = ALIGN (0x4)

.text           0x00000000080001ac     0x8778
                0x00000000080001ac                . = ALIGN (0x4)
 *(.text)
 .text          0x00000000080001ac       0x40 /opt/st/stm32cubeide_1.11.0/plugins/com.st.stm32cube.ide.mcu.externaltools.gnu-tools-for-stm32.10.3-2021.10.linux64_1.0.100.202210260954/tools/bin/../lib/gcc/arm-none-eabi/10.3.1/thumb/v7e-m+fp/hard/crtbegin.o
 .text          0x00000000080001ec       0x30 /opt/st/stm32cubeide_1.11.0/plugins/com.st.stm32cube.ide.mcu.externaltools.gnu-tools-for-stm32.10.3-2021.10.linux64_1.0.100.202210260954/tools/bin/../lib/gcc/arm-none-eabi/10.3.1/thumb/v7e-m+fp/hard/libgcc.a(_aeabi_uldivmod.o)
                0x00000000080001ec                __aeabi_uldivmod
 .text          0x000000000800021c      0x2d0 /opt/st/stm32cubeide_1.11.0/plugins/com.st.stm32cube.ide.mcu.externaltools.gnu-tools-for-stm32.10.3-2021.10.linux64_1.0.100.202210260954/tools/bin/../lib/gcc/arm-none-eabi/10.3.1/thumb/v7e-m+fp/hard/libgcc.a(_udivmoddi4.o)
                0x000000000800021c                __udivmoddi4
 .text          0x00000000080004ec        0x4 /opt/st/stm32cubeide_1.11.0/plugins/com.st.stm32cube.ide.mcu.externaltools.gnu-tools-for-stm32.10.3-2021.10.linux64_1.0.100.202210260954/tools/bin/../lib/gcc/arm-none-eabi/10.3.1/thumb/v7e-m+fp/hard/libgcc.a(_dvmd_tls.o)
                0x00000000080004ec                __aeabi_ldiv0
                0x00000000080004ec                __aeabi_idiv0
 *(.text*)
 .text.MX_DMA_Init
                0x00000000080004f0       0x40 ./Core/Src/dma.o
                0x00000000080004f0                MX_DMA_Init
 .text.MX_GPIO_Init
                0x0000000008000530      0x208 ./Core/Src/gpio.o
                0x0000000008000530                MX_GPIO_Init
 .text.main     0x0000000008000738       0x7c ./Core/Src/main.o
                0x0000000008000738                main
 .text.SystemClock_Config
                0x00000000080007b4       0xd4 ./Core/Src/main.o
                0x00000000080007b4                SystemClock_Config
 .text.Error_Handler
                0x0000000008000888        0xa ./Core/Src/main.o
                0x0000000008000888                Error_Handler
 *fill*         0x0000000008000892        0x2 
 .text.HAL_MspInit
                0x0000000008000894       0x50 ./Core/Src/stm32f4xx_hal_msp.o
                0x0000000008000894                HAL_MspInit
 .text.NMI_Handler
                0x00000000080008e4        0x6 ./Core/Src/stm32f4xx_it.o
                0x00000000080008e4                NMI_Handler
 .text.HardFault_Handler
                0x00000000080008ea        0x6 ./Core/Src/stm32f4xx_it.o
                0x00000000080008ea                HardFault_Handler
 .text.MemManage_Handler
                0x00000000080008f0        0x6 ./Core/Src/stm32f4xx_it.o
                0x00000000080008f0                MemManage_Handler
 .text.BusFault_Handler
                0x00000000080008f6        0x6 ./Core/Src/stm32f4xx_it.o
                0x00000000080008f6                BusFault_Handler
 .text.UsageFault_Handler
                0x00000000080008fc        0x6 ./Core/Src/stm32f4xx_it.o
                0x00000000080008fc                UsageFault_Handler
 .text.SVC_Handler
                0x0000000008000902        0xe ./Core/Src/stm32f4xx_it.o
                0x0000000008000902                SVC_Handler
 .text.DebugMon_Handler
                0x0000000008000910        0xe ./Core/Src/stm32f4xx_it.o
                0x0000000008000910                DebugMon_Handler
 .text.PendSV_Handler
                0x000000000800091e        0xe ./Core/Src/stm32f4xx_it.o
                0x000000000800091e                PendSV_Handler
 .text.SysTick_Handler
                0x000000000800092c        0xc ./Core/Src/stm32f4xx_it.o
                0x000000000800092c                SysTick_Handler
 .text.DMA1_Stream5_IRQHandler
                0x0000000008000938       0x74 ./Core/Src/stm32f4xx_it.o
                0x0000000008000938                DMA1_Stream5_IRQHandler
 .text.TIM7_IRQHandler
                0x00000000080009ac       0xb4 ./Core/Src/stm32f4xx_it.o
                0x00000000080009ac                TIM7_IRQHandler
 .text.OTG_FS_IRQHandler
                0x0000000008000a60       0x14 ./Core/Src/stm32f4xx_it.o
                0x0000000008000a60                OTG_FS_IRQHandler
 .text.SystemInit
                0x0000000008000a74       0x24 ./Core/Src/system_stm32f4xx.o
                0x0000000008000a74                SystemInit
 .text.MX_TIM7_Init
                0x0000000008000a98       0x6c ./Core/Src/tim.o
                0x0000000008000a98                MX_TIM7_Init
 .text.HAL_TIM_Base_MspInit
                0x0000000008000b04       0x50 ./Core/Src/tim.o
                0x0000000008000b04                HAL_TIM_Base_MspInit
 .text.MX_UART4_Init
                0x0000000008000b54       0x54 ./Core/Src/usart.o
                0x0000000008000b54                MX_UART4_Init
 .text.MX_USART2_UART_Init
                0x0000000008000ba8       0x58 ./Core/Src/usart.o
                0x0000000008000ba8                MX_USART2_UART_Init
 .text.HAL_UART_MspInit
                0x0000000008000c00      0x1a4 ./Core/Src/usart.o
                0x0000000008000c00                HAL_UART_MspInit
 .text.Reset_Handler
                0x0000000008000da4       0x50 ./Core/Startup/startup_stm32f429zitx.o
                0x0000000008000da4                Reset_Handler
 .text.Default_Handler
                0x0000000008000df4        0x2 ./Core/Startup/startup_stm32f429zitx.o
                0x0000000008000df4                RTC_Alarm_IRQHandler
                0x0000000008000df4                HASH_RNG_IRQHandler
                0x0000000008000df4                EXTI2_IRQHandler
                0x0000000008000df4                TIM8_CC_IRQHandler
                0x0000000008000df4                UART8_IRQHandler
                0x0000000008000df4                SPI4_IRQHandler
                0x0000000008000df4                TIM1_CC_IRQHandler
                0x0000000008000df4                DMA2_Stream5_IRQHandler
                0x0000000008000df4                PVD_IRQHandler
                0x0000000008000df4                SDIO_IRQHandler
                0x0000000008000df4                TAMP_STAMP_IRQHandler
                0x0000000008000df4                CAN2_RX1_IRQHandler
                0x0000000008000df4                EXTI3_IRQHandler
                0x0000000008000df4                TIM8_TRG_COM_TIM14_IRQHandler
                0x0000000008000df4                TIM1_UP_TIM10_IRQHandler
                0x0000000008000df4                TIM8_UP_TIM13_IRQHandler
                0x0000000008000df4                I2C3_ER_IRQHandler
                0x0000000008000df4                EXTI0_IRQHandler
                0x0000000008000df4                I2C2_EV_IRQHandler
                0x0000000008000df4                DMA1_Stream2_IRQHandler
                0x0000000008000df4                CAN1_RX0_IRQHandler
                0x0000000008000df4                FPU_IRQHandler
                0x0000000008000df4                OTG_HS_WKUP_IRQHandler
                0x0000000008000df4                LTDC_ER_IRQHandler
                0x0000000008000df4                CAN2_SCE_IRQHandler
                0x0000000008000df4                DMA2_Stream2_IRQHandler
                0x0000000008000df4                SPI1_IRQHandler
                0x0000000008000df4                TIM6_DAC_IRQHandler
                0x0000000008000df4                TIM1_BRK_TIM9_IRQHandler
                0x0000000008000df4                DCMI_IRQHandler
                0x0000000008000df4                CAN2_RX0_IRQHandler
                0x0000000008000df4                DMA2_Stream3_IRQHandler
                0x0000000008000df4                USART6_IRQHandler
                0x0000000008000df4                USART3_IRQHandler
                0x0000000008000df4                CAN1_RX1_IRQHandler
                0x0000000008000df4                UART5_IRQHandler
                0x0000000008000df4                DMA2_Stream0_IRQHandler
                0x0000000008000df4                TIM4_IRQHandler
                0x0000000008000df4                I2C1_EV_IRQHandler
                0x0000000008000df4                DMA1_Stream6_IRQHandler
                0x0000000008000df4                DMA1_Stream1_IRQHandler
                0x0000000008000df4                UART4_IRQHandler
                0x0000000008000df4                TIM3_IRQHandler
                0x0000000008000df4                RCC_IRQHandler
                0x0000000008000df4                TIM8_BRK_TIM12_IRQHandler
                0x0000000008000df4                Default_Handler
                0x0000000008000df4                EXTI15_10_IRQHandler
                0x0000000008000df4                ADC_IRQHandler
                0x0000000008000df4                DMA1_Stream7_IRQHandler
                0x0000000008000df4                SPI5_IRQHandler
                0x0000000008000df4                CAN2_TX_IRQHandler
                0x0000000008000df4                TIM5_IRQHandler
                0x0000000008000df4                DMA2_Stream7_IRQHandler
                0x0000000008000df4                I2C3_EV_IRQHandler
                0x0000000008000df4                EXTI9_5_IRQHandler
                0x0000000008000df4                RTC_WKUP_IRQHandler
                0x0000000008000df4                LTDC_IRQHandler
                0x0000000008000df4                ETH_WKUP_IRQHandler
                0x0000000008000df4                SPI2_IRQHandler
                0x0000000008000df4                OTG_HS_EP1_IN_IRQHandler
                0x0000000008000df4                DMA1_Stream0_IRQHandler
                0x0000000008000df4                CAN1_TX_IRQHandler
                0x0000000008000df4                EXTI4_IRQHandler
                0x0000000008000df4                ETH_IRQHandler
                0x0000000008000df4                OTG_HS_EP1_OUT_IRQHandler
                0x0000000008000df4                WWDG_IRQHandler
                0x0000000008000df4                SPI6_IRQHandler
                0x0000000008000df4                TIM2_IRQHandler
                0x0000000008000df4                OTG_FS_WKUP_IRQHandler
                0x0000000008000df4                TIM1_TRG_COM_TIM11_IRQHandler
                0x0000000008000df4                OTG_HS_IRQHandler
                0x0000000008000df4                DMA2D_IRQHandler
                0x0000000008000df4                EXTI1_IRQHandler
                0x0000000008000df4                UART7_IRQHandler
                0x0000000008000df4                USART2_IRQHandler
                0x0000000008000df4                I2C2_ER_IRQHandler
                0x0000000008000df4                DMA2_Stream1_IRQHandler
                0x0000000008000df4                CAN1_SCE_IRQHandler
                0x0000000008000df4                FLASH_IRQHandler
                0x0000000008000df4                DMA2_Stream4_IRQHandler
                0x0000000008000df4                USART1_IRQHandler
                0x0000000008000df4                SPI3_IRQHandler
                0x0000000008000df4                DMA1_Stream4_IRQHandler
                0x0000000008000df4                I2C1_ER_IRQHandler
                0x0000000008000df4                FMC_IRQHandler
                0x0000000008000df4                DMA2_Stream6_IRQHandler
                0x0000000008000df4                SAI1_IRQHandler
                0x0000000008000df4                DMA1_Stream3_IRQHandler
 *fill*         0x0000000008000df6        0x2 
 .text.HAL_Init
                0x0000000008000df8       0x44 ./Drivers/STM32F4xx_HAL_Driver/Src/stm32f4xx_hal.o
                0x0000000008000df8                HAL_Init
 .text.HAL_InitTick
                0x0000000008000e3c       0x60 ./Drivers/STM32F4xx_HAL_Driver/Src/stm32f4xx_hal.o
                0x0000000008000e3c                HAL_InitTick
 .text.HAL_IncTick
                0x0000000008000e9c       0x28 ./Drivers/STM32F4xx_HAL_Driver/Src/stm32f4xx_hal.o
                0x0000000008000e9c                HAL_IncTick
 .text.HAL_GetTick
                0x0000000008000ec4       0x18 ./Drivers/STM32F4xx_HAL_Driver/Src/stm32f4xx_hal.o
                0x0000000008000ec4                HAL_GetTick
 .text.HAL_Delay
                0x0000000008000edc       0x48 ./Drivers/STM32F4xx_HAL_Driver/Src/stm32f4xx_hal.o
                0x0000000008000edc                HAL_Delay
 .text.__NVIC_SetPriorityGrouping
                0x0000000008000f24       0x48 ./Drivers/STM32F4xx_HAL_Driver/Src/stm32f4xx_hal_cortex.o
 .text.__NVIC_GetPriorityGrouping
                0x0000000008000f6c       0x1c ./Drivers/STM32F4xx_HAL_Driver/Src/stm32f4xx_hal_cortex.o
 .text.__NVIC_EnableIRQ
                0x0000000008000f88       0x3c ./Drivers/STM32F4xx_HAL_Driver/Src/stm32f4xx_hal_cortex.o
 .text.__NVIC_SetPriority
                0x0000000008000fc4       0x54 ./Drivers/STM32F4xx_HAL_Driver/Src/stm32f4xx_hal_cortex.o
 .text.NVIC_EncodePriority
                0x0000000008001018       0x66 ./Drivers/STM32F4xx_HAL_Driver/Src/stm32f4xx_hal_cortex.o
 *fill*         0x000000000800107e        0x2 
 .text.SysTick_Config
                0x0000000008001080       0x44 ./Drivers/STM32F4xx_HAL_Driver/Src/stm32f4xx_hal_cortex.o
 .text.HAL_NVIC_SetPriorityGrouping
                0x00000000080010c4       0x16 ./Drivers/STM32F4xx_HAL_Driver/Src/stm32f4xx_hal_cortex.o
                0x00000000080010c4                HAL_NVIC_SetPriorityGrouping
 .text.HAL_NVIC_SetPriority
                0x00000000080010da       0x38 ./Drivers/STM32F4xx_HAL_Driver/Src/stm32f4xx_hal_cortex.o
                0x00000000080010da                HAL_NVIC_SetPriority
 .text.HAL_NVIC_EnableIRQ
                0x0000000008001112       0x1c ./Drivers/STM32F4xx_HAL_Driver/Src/stm32f4xx_hal_cortex.o
                0x0000000008001112                HAL_NVIC_EnableIRQ
 .text.HAL_SYSTICK_Config
                0x000000000800112e       0x18 ./Drivers/STM32F4xx_HAL_Driver/Src/stm32f4xx_hal_cortex.o
                0x000000000800112e                HAL_SYSTICK_Config
 *fill*         0x0000000008001146        0x2 
 .text.HAL_DMA_Init
                0x0000000008001148      0x15c ./Drivers/STM32F4xx_HAL_Driver/Src/stm32f4xx_hal_dma.o
                0x0000000008001148                HAL_DMA_Init
 .text.HAL_DMA_IRQHandler
                0x00000000080012a4      0x314 ./Drivers/STM32F4xx_HAL_Driver/Src/stm32f4xx_hal_dma.o
                0x00000000080012a4                HAL_DMA_IRQHandler
 .text.DMA_CalcBaseAndBitshift
                0x00000000080015b8       0x6c ./Drivers/STM32F4xx_HAL_Driver/Src/stm32f4xx_hal_dma.o
 .text.DMA_CheckFifoParam
                0x0000000008001624       0xf8 ./Drivers/STM32F4xx_HAL_Driver/Src/stm32f4xx_hal_dma.o
 .text.HAL_GPIO_Init
                0x000000000800171c      0x358 ./Drivers/STM32F4xx_HAL_Driver/Src/stm32f4xx_hal_gpio.o
                0x000000000800171c                HAL_GPIO_Init
 .text.HAL_GPIO_WritePin
                0x0000000008001a74       0x32 ./Drivers/STM32F4xx_HAL_Driver/Src/stm32f4xx_hal_gpio.o
                0x0000000008001a74                HAL_GPIO_WritePin
 .text.HAL_PCD_Init
                0x0000000008001aa6      0x23a ./Drivers/STM32F4xx_HAL_Driver/Src/stm32f4xx_hal_pcd.o
                0x0000000008001aa6                HAL_PCD_Init
 .text.HAL_PCD_Start
                0x0000000008001ce0       0x66 ./Drivers/STM32F4xx_HAL_Driver/Src/stm32f4xx_hal_pcd.o
                0x0000000008001ce0                HAL_PCD_Start
 .text.HAL_PCD_IRQHandler
                0x0000000008001d46      0x93e ./Drivers/STM32F4xx_HAL_Driver/Src/stm32f4xx_hal_pcd.o
                0x0000000008001d46                HAL_PCD_IRQHandler
 .text.HAL_PCD_SetAddress
                0x0000000008002684       0x4a ./Drivers/STM32F4xx_HAL_Driver/Src/stm32f4xx_hal_pcd.o
                0x0000000008002684                HAL_PCD_SetAddress
 .text.HAL_PCD_EP_Open
                0x00000000080026ce       0xd0 ./Drivers/STM32F4xx_HAL_Driver/Src/stm32f4xx_hal_pcd.o
                0x00000000080026ce                HAL_PCD_EP_Open
 .text.HAL_PCD_EP_Close
                0x000000000800279e       0x94 ./Drivers/STM32F4xx_HAL_Driver/Src/stm32f4xx_hal_pcd.o
                0x000000000800279e                HAL_PCD_EP_Close
 .text.HAL_PCD_EP_Receive
                0x0000000008002832       0x96 ./Drivers/STM32F4xx_HAL_Driver/Src/stm32f4xx_hal_pcd.o
                0x0000000008002832                HAL_PCD_EP_Receive
 .text.HAL_PCD_EP_GetRxCount
                0x00000000080028c8       0x30 ./Drivers/STM32F4xx_HAL_Driver/Src/stm32f4xx_hal_pcd.o
                0x00000000080028c8                HAL_PCD_EP_GetRxCount
 .text.HAL_PCD_EP_Transmit
                0x00000000080028f8       0x94 ./Drivers/STM32F4xx_HAL_Driver/Src/stm32f4xx_hal_pcd.o
                0x00000000080028f8                HAL_PCD_EP_Transmit
 .text.HAL_PCD_EP_SetStall
                0x000000000800298c       0xc8 ./Drivers/STM32F4xx_HAL_Driver/Src/stm32f4xx_hal_pcd.o
                0x000000000800298c                HAL_PCD_EP_SetStall
 .text.HAL_PCD_EP_ClrStall
                0x0000000008002a54       0xac ./Drivers/STM32F4xx_HAL_Driver/Src/stm32f4xx_hal_pcd.o
                0x0000000008002a54                HAL_PCD_EP_ClrStall
 .text.HAL_PCD_EP_Abort
                0x0000000008002b00       0x62 ./Drivers/STM32F4xx_HAL_Driver/Src/stm32f4xx_hal_pcd.o
                0x0000000008002b00                HAL_PCD_EP_Abort
 .text.PCD_WriteEmptyTxFifo
                0x0000000008002b62      0x11a ./Drivers/STM32F4xx_HAL_Driver/Src/stm32f4xx_hal_pcd.o
 .text.PCD_EP_OutXfrComplete_int
                0x0000000008002c7c      0x1d0 ./Drivers/STM32F4xx_HAL_Driver/Src/stm32f4xx_hal_pcd.o
 .text.PCD_EP_OutSetupPacket_int
                0x0000000008002e4c       0x8c ./Drivers/STM32F4xx_HAL_Driver/Src/stm32f4xx_hal_pcd.o
 .text.HAL_PCDEx_SetTxFiFo
                0x0000000008002ed8       0x8e ./Drivers/STM32F4xx_HAL_Driver/Src/stm32f4xx_hal_pcd_ex.o
                0x0000000008002ed8                HAL_PCDEx_SetTxFiFo
 .text.HAL_PCDEx_SetRxFiFo
                0x0000000008002f66       0x22 ./Drivers/STM32F4xx_HAL_Driver/Src/stm32f4xx_hal_pcd_ex.o
                0x0000000008002f66                HAL_PCDEx_SetRxFiFo
 .text.HAL_PCDEx_LPM_Callback
                0x0000000008002f88       0x18 ./Drivers/STM32F4xx_HAL_Driver/Src/stm32f4xx_hal_pcd_ex.o
                0x0000000008002f88                HAL_PCDEx_LPM_Callback
 .text.HAL_RCC_OscConfig
                0x0000000008002fa0      0x4f0 ./Drivers/STM32F4xx_HAL_Driver/Src/stm32f4xx_hal_rcc.o
                0x0000000008002fa0                HAL_RCC_OscConfig
 .text.HAL_RCC_ClockConfig
                0x0000000008003490      0x1cc ./Drivers/STM32F4xx_HAL_Driver/Src/stm32f4xx_hal_rcc.o
                0x0000000008003490                HAL_RCC_ClockConfig
 .text.HAL_RCC_GetSysClockFreq
                0x000000000800365c      0x20c ./Drivers/STM32F4xx_HAL_Driver/Src/stm32f4xx_hal_rcc.o
                0x000000000800365c                HAL_RCC_GetSysClockFreq
 .text.HAL_RCC_GetHCLKFreq
                0x0000000008003868       0x18 ./Drivers/STM32F4xx_HAL_Driver/Src/stm32f4xx_hal_rcc.o
                0x0000000008003868                HAL_RCC_GetHCLKFreq
 .text.HAL_RCC_GetPCLK1Freq
                0x0000000008003880       0x28 ./Drivers/STM32F4xx_HAL_Driver/Src/stm32f4xx_hal_rcc.o
                0x0000000008003880                HAL_RCC_GetPCLK1Freq
 .text.HAL_RCC_GetPCLK2Freq
                0x00000000080038a8       0x28 ./Drivers/STM32F4xx_HAL_Driver/Src/stm32f4xx_hal_rcc.o
                0x00000000080038a8                HAL_RCC_GetPCLK2Freq
 .text.HAL_TIM_Base_Init
                0x00000000080038d0       0x9e ./Drivers/STM32F4xx_HAL_Driver/Src/stm32f4xx_hal_tim.o
                0x00000000080038d0                HAL_TIM_Base_Init
 .text.HAL_TIM_IRQHandler
                0x000000000800396e      0x210 ./Drivers/STM32F4xx_HAL_Driver/Src/stm32f4xx_hal_tim.o
                0x000000000800396e                HAL_TIM_IRQHandler
 .text.HAL_TIM_PeriodElapsedCallback
                0x0000000008003b7e       0x14 ./Drivers/STM32F4xx_HAL_Driver/Src/stm32f4xx_hal_tim.o
                0x0000000008003b7e                HAL_TIM_PeriodElapsedCallback
 .text.HAL_TIM_OC_DelayElapsedCallback
                0x0000000008003b92       0x14 ./Drivers/STM32F4xx_HAL_Driver/Src/stm32f4xx_hal_tim.o
                0x0000000008003b92                HAL_TIM_OC_DelayElapsedCallback
 .text.HAL_TIM_IC_CaptureCallback
                0x0000000008003ba6       0x14 ./Drivers/STM32F4xx_HAL_Driver/Src/stm32f4xx_hal_tim.o
                0x0000000008003ba6                HAL_TIM_IC_CaptureCallback
 .text.HAL_TIM_PWM_PulseFinishedCallback
                0x0000000008003bba       0x14 ./Drivers/STM32F4xx_HAL_Driver/Src/stm32f4xx_hal_tim.o
                0x0000000008003bba                HAL_TIM_PWM_PulseFinishedCallback
 .text.HAL_TIM_TriggerCallback
                0x0000000008003bce       0x14 ./Drivers/STM32F4xx_HAL_Driver/Src/stm32f4xx_hal_tim.o
                0x0000000008003bce                HAL_TIM_TriggerCallback
 *fill*         0x0000000008003be2        0x2 
 .text.TIM_Base_SetConfig
                0x0000000008003be4      0x140 ./Drivers/STM32F4xx_HAL_Driver/Src/stm32f4xx_hal_tim.o
                0x0000000008003be4                TIM_Base_SetConfig
 .text.HAL_TIMEx_MasterConfigSynchronization
                0x0000000008003d24       0xf8 ./Drivers/STM32F4xx_HAL_Driver/Src/stm32f4xx_hal_tim_ex.o
                0x0000000008003d24                HAL_TIMEx_MasterConfigSynchronization
 .text.HAL_TIMEx_CommutCallback
                0x0000000008003e1c       0x14 ./Drivers/STM32F4xx_HAL_Driver/Src/stm32f4xx_hal_tim_ex.o
                0x0000000008003e1c                HAL_TIMEx_CommutCallback
 .text.HAL_TIMEx_BreakCallback
                0x0000000008003e30       0x14 ./Drivers/STM32F4xx_HAL_Driver/Src/stm32f4xx_hal_tim_ex.o
                0x0000000008003e30                HAL_TIMEx_BreakCallback
 .text.HAL_UART_Init
                0x0000000008003e44       0x9a ./Drivers/STM32F4xx_HAL_Driver/Src/stm32f4xx_hal_uart.o
                0x0000000008003e44                HAL_UART_Init
 .text.HAL_UART_Transmit
                0x0000000008003ede      0x124 ./Drivers/STM32F4xx_HAL_Driver/Src/stm32f4xx_hal_uart.o
                0x0000000008003ede                HAL_UART_Transmit
 .text.UART_WaitOnFlagUntilTimeout
                0x0000000008004002       0xdc ./Drivers/STM32F4xx_HAL_Driver/Src/stm32f4xx_hal_uart.o
 *fill*         0x00000000080040de        0x2 
 .text.UART_SetConfig
                0x00000000080040e0      0x4e8 ./Drivers/STM32F4xx_HAL_Driver/Src/stm32f4xx_hal_uart.o
 .text.USB_CoreInit
                0x00000000080045c8       0xc2 ./Drivers/STM32F4xx_HAL_Driver/Src/stm32f4xx_ll_usb.o
                0x00000000080045c8                USB_CoreInit
 *fill*         0x000000000800468a        0x2 
 .text.USB_SetTurnaroundTime
                0x000000000800468c      0x144 ./Drivers/STM32F4xx_HAL_Driver/Src/stm32f4xx_ll_usb.o
                0x000000000800468c                USB_SetTurnaroundTime
 .text.USB_EnableGlobalInt
                0x00000000080047d0       0x22 ./Drivers/STM32F4xx_HAL_Driver/Src/stm32f4xx_ll_usb.o
                0x00000000080047d0                USB_EnableGlobalInt
 .text.USB_DisableGlobalInt
                0x00000000080047f2       0x22 ./Drivers/STM32F4xx_HAL_Driver/Src/stm32f4xx_ll_usb.o
                0x00000000080047f2                USB_DisableGlobalInt
 .text.USB_SetCurrentMode
                0x0000000008004814       0x98 ./Drivers/STM32F4xx_HAL_Driver/Src/stm32f4xx_ll_usb.o
                0x0000000008004814                USB_SetCurrentMode
 .text.USB_DevInit
                0x00000000080048ac      0x2c8 ./Drivers/STM32F4xx_HAL_Driver/Src/stm32f4xx_ll_usb.o
                0x00000000080048ac                USB_DevInit
 .text.USB_FlushTxFifo
                0x0000000008004b74       0x68 ./Drivers/STM32F4xx_HAL_Driver/Src/stm32f4xx_ll_usb.o
                0x0000000008004b74                USB_FlushTxFifo
 .text.USB_FlushRxFifo
                0x0000000008004bdc       0x60 ./Drivers/STM32F4xx_HAL_Driver/Src/stm32f4xx_ll_usb.o
                0x0000000008004bdc                USB_FlushRxFifo
 .text.USB_SetDevSpeed
                0x0000000008004c3c       0x32 ./Drivers/STM32F4xx_HAL_Driver/Src/stm32f4xx_ll_usb.o
                0x0000000008004c3c                USB_SetDevSpeed
 .text.USB_GetDevSpeed
                0x0000000008004c6e       0x4a ./Drivers/STM32F4xx_HAL_Driver/Src/stm32f4xx_ll_usb.o
                0x0000000008004c6e                USB_GetDevSpeed
 .text.USB_ActivateEndpoint
                0x0000000008004cb8      0x10e ./Drivers/STM32F4xx_HAL_Driver/Src/stm32f4xx_ll_usb.o
                0x0000000008004cb8                USB_ActivateEndpoint
 *fill*         0x0000000008004dc6        0x2 
 .text.USB_DeactivateEndpoint
                0x0000000008004dc8      0x1b8 ./Drivers/STM32F4xx_HAL_Driver/Src/stm32f4xx_ll_usb.o
                0x0000000008004dc8                USB_DeactivateEndpoint
 .text.USB_EPStartXfer
                0x0000000008004f80      0x490 ./Drivers/STM32F4xx_HAL_Driver/Src/stm32f4xx_ll_usb.o
                0x0000000008004f80                USB_EPStartXfer
 .text.USB_EP0StartXfer
                0x0000000008005410      0x2b0 ./Drivers/STM32F4xx_HAL_Driver/Src/stm32f4xx_ll_usb.o
                0x0000000008005410                USB_EP0StartXfer
 .text.USB_EPStopXfer
                0x00000000080056c0      0x154 ./Drivers/STM32F4xx_HAL_Driver/Src/stm32f4xx_ll_usb.o
                0x00000000080056c0                USB_EPStopXfer
 .text.USB_WritePacket
                0x0000000008005814       0x7c ./Drivers/STM32F4xx_HAL_Driver/Src/stm32f4xx_ll_usb.o
                0x0000000008005814                USB_WritePacket
 .text.USB_ReadPacket
                0x0000000008005890       0xb0 ./Drivers/STM32F4xx_HAL_Driver/Src/stm32f4xx_ll_usb.o
                0x0000000008005890                USB_ReadPacket
 .text.USB_EPSetStall
                0x0000000008005940       0xdc ./Drivers/STM32F4xx_HAL_Driver/Src/stm32f4xx_ll_usb.o
                0x0000000008005940                USB_EPSetStall
 .text.USB_EPClearStall
                0x0000000008005a1c       0xcc ./Drivers/STM32F4xx_HAL_Driver/Src/stm32f4xx_ll_usb.o
                0x0000000008005a1c                USB_EPClearStall
 .text.USB_SetDevAddress
                0x0000000008005ae8       0x4c ./Drivers/STM32F4xx_HAL_Driver/Src/stm32f4xx_ll_usb.o
                0x0000000008005ae8                USB_SetDevAddress
 .text.USB_DevConnect
                0x0000000008005b34       0x42 ./Drivers/STM32F4xx_HAL_Driver/Src/stm32f4xx_ll_usb.o
                0x0000000008005b34                USB_DevConnect
 .text.USB_DevDisconnect
                0x0000000008005b76       0x42 ./Drivers/STM32F4xx_HAL_Driver/Src/stm32f4xx_ll_usb.o
                0x0000000008005b76                USB_DevDisconnect
 .text.USB_ReadInterrupts
                0x0000000008005bb8       0x26 ./Drivers/STM32F4xx_HAL_Driver/Src/stm32f4xx_ll_usb.o
                0x0000000008005bb8                USB_ReadInterrupts
 .text.USB_ReadDevAllOutEpInterrupt
                0x0000000008005bde       0x34 ./Drivers/STM32F4xx_HAL_Driver/Src/stm32f4xx_ll_usb.o
                0x0000000008005bde                USB_ReadDevAllOutEpInterrupt
 .text.USB_ReadDevAllInEpInterrupt
                0x0000000008005c12       0x34 ./Drivers/STM32F4xx_HAL_Driver/Src/stm32f4xx_ll_usb.o
                0x0000000008005c12                USB_ReadDevAllInEpInterrupt
 .text.USB_ReadDevOutEPInterrupt
                0x0000000008005c46       0x3c ./Drivers/STM32F4xx_HAL_Driver/Src/stm32f4xx_ll_usb.o
                0x0000000008005c46                USB_ReadDevOutEPInterrupt
 .text.USB_ReadDevInEPInterrupt
                0x0000000008005c82       0x5c ./Drivers/STM32F4xx_HAL_Driver/Src/stm32f4xx_ll_usb.o
                0x0000000008005c82                USB_ReadDevInEPInterrupt
 .text.USB_GetMode
                0x0000000008005cde       0x1c ./Drivers/STM32F4xx_HAL_Driver/Src/stm32f4xx_ll_usb.o
                0x0000000008005cde                USB_GetMode
 .text.USB_ActivateSetup
                0x0000000008005cfa       0x46 ./Drivers/STM32F4xx_HAL_Driver/Src/stm32f4xx_ll_usb.o
                0x0000000008005cfa                USB_ActivateSetup
 .text.USB_EP0_OutStart
                0x0000000008005d40       0xbc ./Drivers/STM32F4xx_HAL_Driver/Src/stm32f4xx_ll_usb.o
                0x0000000008005d40                USB_EP0_OutStart
 .text.USB_CoreReset
                0x0000000008005dfc       0x68 ./Drivers/STM32F4xx_HAL_Driver/Src/stm32f4xx_ll_usb.o
 .text.USBD_CDC_Init
                0x0000000008005e64      0x1f0 ./Middlewares/ST/STM32_USB_Device_Library/Class/CDC/Src/usbd_cdc.o
 .text.USBD_CDC_DeInit
                0x0000000008006054      0x104 ./Middlewares/ST/STM32_USB_Device_Library/Class/CDC/Src/usbd_cdc.o
 .text.USBD_CDC_Setup
                0x0000000008006158      0x1b8 ./Middlewares/ST/STM32_USB_Device_Library/Class/CDC/Src/usbd_cdc.o
 .text.USBD_CDC_DataIn
                0x0000000008006310       0xfe ./Middlewares/ST/STM32_USB_Device_Library/Class/CDC/Src/usbd_cdc.o
 .text.USBD_CDC_DataOut
                0x000000000800640e       0x70 ./Middlewares/ST/STM32_USB_Device_Library/Class/CDC/Src/usbd_cdc.o
 .text.USBD_CDC_EP0_RxReady
                0x000000000800647e       0x76 ./Middlewares/ST/STM32_USB_Device_Library/Class/CDC/Src/usbd_cdc.o
 .text.USBD_CDC_GetFSCfgDesc
                0x00000000080064f4       0x70 ./Middlewares/ST/STM32_USB_Device_Library/Class/CDC/Src/usbd_cdc.o
 .text.USBD_CDC_GetHSCfgDesc
                0x0000000008006564       0x70 ./Middlewares/ST/STM32_USB_Device_Library/Class/CDC/Src/usbd_cdc.o
 .text.USBD_CDC_GetOtherSpeedCfgDesc
                0x00000000080065d4       0x70 ./Middlewares/ST/STM32_USB_Device_Library/Class/CDC/Src/usbd_cdc.o
 .text.USBD_CDC_GetDeviceQualifierDescriptor
                0x0000000008006644       0x20 ./Middlewares/ST/STM32_USB_Device_Library/Class/CDC/Src/usbd_cdc.o
                0x0000000008006644                USBD_CDC_GetDeviceQualifierDescriptor
 .text.USBD_CDC_RegisterInterface
                0x0000000008006664       0x34 ./Middlewares/ST/STM32_USB_Device_Library/Class/CDC/Src/usbd_cdc.o
                0x0000000008006664                USBD_CDC_RegisterInterface
 .text.USBD_CDC_SetTxBuffer
                0x0000000008006698       0x44 ./Middlewares/ST/STM32_USB_Device_Library/Class/CDC/Src/usbd_cdc.o
                0x0000000008006698                USBD_CDC_SetTxBuffer
 .text.USBD_CDC_SetRxBuffer
                0x00000000080066dc       0x3a ./Middlewares/ST/STM32_USB_Device_Library/Class/CDC/Src/usbd_cdc.o
                0x00000000080066dc                USBD_CDC_SetRxBuffer
 *fill*         0x0000000008006716        0x2 
 .text.USBD_CDC_TransmitPacket
                0x0000000008006718       0x8c ./Middlewares/ST/STM32_USB_Device_Library/Class/CDC/Src/usbd_cdc.o
                0x0000000008006718                USBD_CDC_TransmitPacket
 .text.USBD_CDC_ReceivePacket
                0x00000000080067a4       0x6c ./Middlewares/ST/STM32_USB_Device_Library/Class/CDC/Src/usbd_cdc.o
                0x00000000080067a4                USBD_CDC_ReceivePacket
 .text.USBD_Init
                0x0000000008006810       0x60 ./Middlewares/ST/STM32_USB_Device_Library/Core/Src/usbd_core.o
                0x0000000008006810                USBD_Init
 .text.USBD_RegisterClass
                0x0000000008006870       0x6c ./Middlewares/ST/STM32_USB_Device_Library/Core/Src/usbd_core.o
                0x0000000008006870                USBD_RegisterClass
 .text.USBD_Start
                0x00000000080068dc       0x18 ./Middlewares/ST/STM32_USB_Device_Library/Core/Src/usbd_core.o
                0x00000000080068dc                USBD_Start
 .text.USBD_RunTestMode
                0x00000000080068f4       0x16 ./Middlewares/ST/STM32_USB_Device_Library/Core/Src/usbd_core.o
                0x00000000080068f4                USBD_RunTestMode
 .text.USBD_SetClassConfig
                0x000000000800690a       0x38 ./Middlewares/ST/STM32_USB_Device_Library/Core/Src/usbd_core.o
                0x000000000800690a                USBD_SetClassConfig
 .text.USBD_ClrClassConfig
                0x0000000008006942       0x34 ./Middlewares/ST/STM32_USB_Device_Library/Core/Src/usbd_core.o
                0x0000000008006942                USBD_ClrClassConfig
 .text.USBD_LL_SetupStage
                0x0000000008006976       0xaa ./Middlewares/ST/STM32_USB_Device_Library/Core/Src/usbd_core.o
                0x0000000008006976                USBD_LL_SetupStage
 .text.USBD_LL_DataOutStage
                0x0000000008006a20      0x166 ./Middlewares/ST/STM32_USB_Device_Library/Core/Src/usbd_core.o
                0x0000000008006a20                USBD_LL_DataOutStage
 .text.USBD_LL_DataInStage
                0x0000000008006b86      0x164 ./Middlewares/ST/STM32_USB_Device_Library/Core/Src/usbd_core.o
                0x0000000008006b86                USBD_LL_DataInStage
 .text.USBD_LL_Reset
                0x0000000008006cea       0xa4 ./Middlewares/ST/STM32_USB_Device_Library/Core/Src/usbd_core.o
                0x0000000008006cea                USBD_LL_Reset
 .text.USBD_LL_SetSpeed
                0x0000000008006d8e       0x20 ./Middlewares/ST/STM32_USB_Device_Library/Core/Src/usbd_core.o
                0x0000000008006d8e                USBD_LL_SetSpeed
 .text.USBD_LL_Suspend
                0x0000000008006dae       0x2c ./Middlewares/ST/STM32_USB_Device_Library/Core/Src/usbd_core.o
                0x0000000008006dae                USBD_LL_Suspend
 .text.USBD_LL_Resume
                0x0000000008006dda       0x30 ./Middlewares/ST/STM32_USB_Device_Library/Core/Src/usbd_core.o
                0x0000000008006dda                USBD_LL_Resume
 .text.USBD_LL_SOF
                0x0000000008006e0a       0x40 ./Middlewares/ST/STM32_USB_Device_Library/Core/Src/usbd_core.o
                0x0000000008006e0a                USBD_LL_SOF
 .text.USBD_LL_IsoINIncomplete
                0x0000000008006e4a       0x64 ./Middlewares/ST/STM32_USB_Device_Library/Core/Src/usbd_core.o
                0x0000000008006e4a                USBD_LL_IsoINIncomplete
 .text.USBD_LL_IsoOUTIncomplete
                0x0000000008006eae       0x64 ./Middlewares/ST/STM32_USB_Device_Library/Core/Src/usbd_core.o
                0x0000000008006eae                USBD_LL_IsoOUTIncomplete
 .text.USBD_LL_DevConnected
                0x0000000008006f12       0x16 ./Middlewares/ST/STM32_USB_Device_Library/Core/Src/usbd_core.o
                0x0000000008006f12                USBD_LL_DevConnected
 .text.USBD_LL_DevDisconnected
                0x0000000008006f28       0x46 ./Middlewares/ST/STM32_USB_Device_Library/Core/Src/usbd_core.o
                0x0000000008006f28                USBD_LL_DevDisconnected
 .text.USBD_CoreFindIF
                0x0000000008006f6e       0x1a ./Middlewares/ST/STM32_USB_Device_Library/Core/Src/usbd_core.o
                0x0000000008006f6e                USBD_CoreFindIF
 .text.USBD_CoreFindEP
                0x0000000008006f88       0x1a ./Middlewares/ST/STM32_USB_Device_Library/Core/Src/usbd_core.o
                0x0000000008006f88                USBD_CoreFindEP
 .text.USBD_GetEpDesc
                0x0000000008006fa2       0x74 ./Middlewares/ST/STM32_USB_Device_Library/Core/Src/usbd_core.o
                0x0000000008006fa2                USBD_GetEpDesc
 .text.USBD_GetNextDesc
                0x0000000008007016       0x3a ./Middlewares/ST/STM32_USB_Device_Library/Core/Src/usbd_core.o
                0x0000000008007016                USBD_GetNextDesc
 .text.SWAPBYTE
                0x0000000008007050       0x3c ./Middlewares/ST/STM32_USB_Device_Library/Core/Src/usbd_ctlreq.o
 .text.USBD_StdDevReq
                0x000000000800708c       0xe4 ./Middlewares/ST/STM32_USB_Device_Library/Core/Src/usbd_ctlreq.o
                0x000000000800708c                USBD_StdDevReq
 .text.USBD_StdItfReq
                0x0000000008007170       0xd8 ./Middlewares/ST/STM32_USB_Device_Library/Core/Src/usbd_ctlreq.o
                0x0000000008007170                USBD_StdItfReq
 .text.USBD_StdEPReq
                0x0000000008007248      0x33a ./Middlewares/ST/STM32_USB_Device_Library/Core/Src/usbd_ctlreq.o
                0x0000000008007248                USBD_StdEPReq
 *fill*         0x0000000008007582        0x2 
 .text.USBD_GetDescriptor
                0x0000000008007584      0x2d4 ./Middlewares/ST/STM32_USB_Device_Library/Core/Src/usbd_ctlreq.o
 .text.USBD_SetAddress
                0x0000000008007858       0x88 ./Middlewares/ST/STM32_USB_Device_Library/Core/Src/usbd_ctlreq.o
 .text.USBD_SetConfig
                0x00000000080078e0      0x154 ./Middlewares/ST/STM32_USB_Device_Library/Core/Src/usbd_ctlreq.o
 .text.USBD_GetConfig
                0x0000000008007a34       0x6c ./Middlewares/ST/STM32_USB_Device_Library/Core/Src/usbd_ctlreq.o
 .text.USBD_GetStatus
                0x0000000008007aa0       0x68 ./Middlewares/ST/STM32_USB_Device_Library/Core/Src/usbd_ctlreq.o
 .text.USBD_SetFeature
                0x0000000008007b08       0x52 ./Middlewares/ST/STM32_USB_Device_Library/Core/Src/usbd_ctlreq.o
 .text.USBD_ClrFeature
                0x0000000008007b5a       0x44 ./Middlewares/ST/STM32_USB_Device_Library/Core/Src/usbd_ctlreq.o
 .text.USBD_ParseSetupRequest
                0x0000000008007b9e       0x74 ./Middlewares/ST/STM32_USB_Device_Library/Core/Src/usbd_ctlreq.o
                0x0000000008007b9e                USBD_ParseSetupRequest
 .text.USBD_CtlError
                0x0000000008007c12       0x22 ./Middlewares/ST/STM32_USB_Device_Library/Core/Src/usbd_ctlreq.o
                0x0000000008007c12                USBD_CtlError
 .text.USBD_GetString
                0x0000000008007c34       0x8c ./Middlewares/ST/STM32_USB_Device_Library/Core/Src/usbd_ctlreq.o
                0x0000000008007c34                USBD_GetString
 .text.USBD_GetLen
                0x0000000008007cc0       0x34 ./Middlewares/ST/STM32_USB_Device_Library/Core/Src/usbd_ctlreq.o
 .text.USBD_CtlSendData
                0x0000000008007cf4       0x36 ./Middlewares/ST/STM32_USB_Device_Library/Core/Src/usbd_ioreq.o
                0x0000000008007cf4                USBD_CtlSendData
 .text.USBD_CtlContinueSendData
                0x0000000008007d2a       0x22 ./Middlewares/ST/STM32_USB_Device_Library/Core/Src/usbd_ioreq.o
                0x0000000008007d2a                USBD_CtlContinueSendData
 .text.USBD_CtlPrepareRx
                0x0000000008007d4c       0x3a ./Middlewares/ST/STM32_USB_Device_Library/Core/Src/usbd_ioreq.o
                0x0000000008007d4c                USBD_CtlPrepareRx
 .text.USBD_CtlContinueRx
                0x0000000008007d86       0x22 ./Middlewares/ST/STM32_USB_Device_Library/Core/Src/usbd_ioreq.o
                0x0000000008007d86                USBD_CtlContinueRx
 .text.USBD_CtlSendStatus
                0x0000000008007da8       0x26 ./Middlewares/ST/STM32_USB_Device_Library/Core/Src/usbd_ioreq.o
                0x0000000008007da8                USBD_CtlSendStatus
 .text.USBD_CtlReceiveStatus
                0x0000000008007dce       0x26 ./Middlewares/ST/STM32_USB_Device_Library/Core/Src/usbd_ioreq.o
                0x0000000008007dce                USBD_CtlReceiveStatus
 .text.MX_USB_DEVICE_Init
                0x0000000008007df4       0x60 ./USB_DEVICE/App/usb_device.o
                0x0000000008007df4                MX_USB_DEVICE_Init
 .text.CDC_Init_FS
                0x0000000008007e54       0x28 ./USB_DEVICE/App/usbd_cdc_if.o
 .text.CDC_DeInit_FS
                0x0000000008007e7c       0x10 ./USB_DEVICE/App/usbd_cdc_if.o
 .text.CDC_Control_FS
                0x0000000008007e8c       0xbc ./USB_DEVICE/App/usbd_cdc_if.o
 .text.CDC_Receive_FS
                0x0000000008007f48       0x7c ./USB_DEVICE/App/usbd_cdc_if.o
 .text.CDC_Transmit_FS
                0x0000000008007fc4       0x4c ./USB_DEVICE/App/usbd_cdc_if.o
                0x0000000008007fc4                CDC_Transmit_FS
 .text.CDC_TransmitCplt_FS
                0x0000000008008010       0x22 ./USB_DEVICE/App/usbd_cdc_if.o
 *fill*         0x0000000008008032        0x2 
 .text.USBD_FS_DeviceDescriptor
                0x0000000008008034       0x24 ./USB_DEVICE/App/usbd_desc.o
                0x0000000008008034                USBD_FS_DeviceDescriptor
 .text.USBD_FS_LangIDStrDescriptor
                0x0000000008008058       0x24 ./USB_DEVICE/App/usbd_desc.o
                0x0000000008008058                USBD_FS_LangIDStrDescriptor
 .text.USBD_FS_ProductStrDescriptor
                0x000000000800807c       0x3c ./USB_DEVICE/App/usbd_desc.o
                0x000000000800807c                USBD_FS_ProductStrDescriptor
 .text.USBD_FS_ManufacturerStrDescriptor
                0x00000000080080b8       0x28 ./USB_DEVICE/App/usbd_desc.o
                0x00000000080080b8                USBD_FS_ManufacturerStrDescriptor
 .text.USBD_FS_SerialStrDescriptor
                0x00000000080080e0       0x24 ./USB_DEVICE/App/usbd_desc.o
                0x00000000080080e0                USBD_FS_SerialStrDescriptor
 .text.USBD_FS_ConfigStrDescriptor
                0x0000000008008104       0x3c ./USB_DEVICE/App/usbd_desc.o
                0x0000000008008104                USBD_FS_ConfigStrDescriptor
 .text.USBD_FS_InterfaceStrDescriptor
                0x0000000008008140       0x3c ./USB_DEVICE/App/usbd_desc.o
                0x0000000008008140                USBD_FS_InterfaceStrDescriptor
 .text.Get_SerialNum
                0x000000000800817c       0x58 ./USB_DEVICE/App/usbd_desc.o
 .text.IntToUnicode
                0x00000000080081d4       0x7e ./USB_DEVICE/App/usbd_desc.o
 *fill*         0x0000000008008252        0x2 
 .text.HAL_PCD_MspInit
                0x0000000008008254       0xc4 ./USB_DEVICE/Target/usbd_conf.o
                0x0000000008008254                HAL_PCD_MspInit
 .text.HAL_PCD_SetupStageCallback
                0x0000000008008318       0x24 ./USB_DEVICE/Target/usbd_conf.o
                0x0000000008008318                HAL_PCD_SetupStageCallback
 .text.HAL_PCD_DataOutStageCallback
                0x000000000800833c       0x36 ./USB_DEVICE/Target/usbd_conf.o
                0x000000000800833c                HAL_PCD_DataOutStageCallback
 .text.HAL_PCD_DataInStageCallback
                0x0000000008008372       0x34 ./USB_DEVICE/Target/usbd_conf.o
                0x0000000008008372                HAL_PCD_DataInStageCallback
 .text.HAL_PCD_SOFCallback
                0x00000000080083a6       0x1c ./USB_DEVICE/Target/usbd_conf.o
                0x00000000080083a6                HAL_PCD_SOFCallback
 .text.HAL_PCD_ResetCallback
                0x00000000080083c2       0x50 ./USB_DEVICE/Target/usbd_conf.o
                0x00000000080083c2                HAL_PCD_ResetCallback
 *fill*         0x0000000008008412        0x2 
 .text.HAL_PCD_SuspendCallback
                0x0000000008008414       0x4c ./USB_DEVICE/Target/usbd_conf.o
                0x0000000008008414                HAL_PCD_SuspendCallback
 .text.HAL_PCD_ResumeCallback
                0x0000000008008460       0x1c ./USB_DEVICE/Target/usbd_conf.o
                0x0000000008008460                HAL_PCD_ResumeCallback
 .text.HAL_PCD_ISOOUTIncompleteCallback
                0x000000000800847c       0x24 ./USB_DEVICE/Target/usbd_conf.o
                0x000000000800847c                HAL_PCD_ISOOUTIncompleteCallback
 .text.HAL_PCD_ISOINIncompleteCallback
                0x00000000080084a0       0x24 ./USB_DEVICE/Target/usbd_conf.o
                0x00000000080084a0                HAL_PCD_ISOINIncompleteCallback
 .text.HAL_PCD_ConnectCallback
                0x00000000080084c4       0x1c ./USB_DEVICE/Target/usbd_conf.o
                0x00000000080084c4                HAL_PCD_ConnectCallback
 .text.HAL_PCD_DisconnectCallback
                0x00000000080084e0       0x1c ./USB_DEVICE/Target/usbd_conf.o
                0x00000000080084e0                HAL_PCD_DisconnectCallback
 .text.USBD_LL_Init
                0x00000000080084fc       0x98 ./USB_DEVICE/Target/usbd_conf.o
                0x00000000080084fc                USBD_LL_Init
 .text.USBD_LL_Start
                0x0000000008008594       0x36 ./USB_DEVICE/Target/usbd_conf.o
                0x0000000008008594                USBD_LL_Start
 .text.USBD_LL_OpenEP
                0x00000000080085ca       0x4c ./USB_DEVICE/Target/usbd_conf.o
                0x00000000080085ca                USBD_LL_OpenEP
 .text.USBD_LL_CloseEP
                0x0000000008008616       0x3e ./USB_DEVICE/Target/usbd_conf.o
                0x0000000008008616                USBD_LL_CloseEP
 .text.USBD_LL_StallEP
                0x0000000008008654       0x3e ./USB_DEVICE/Target/usbd_conf.o
                0x0000000008008654                USBD_LL_StallEP
 .text.USBD_LL_ClearStallEP
                0x0000000008008692       0x3e ./USB_DEVICE/Target/usbd_conf.o
                0x0000000008008692                USBD_LL_ClearStallEP
 .text.USBD_LL_IsStallEP
                0x00000000080086d0       0x58 ./USB_DEVICE/Target/usbd_conf.o
                0x00000000080086d0                USBD_LL_IsStallEP
 .text.USBD_LL_SetUSBAddress
                0x0000000008008728       0x3e ./USB_DEVICE/Target/usbd_conf.o
                0x0000000008008728                USBD_LL_SetUSBAddress
 .text.USBD_LL_Transmit
                0x0000000008008766       0x42 ./USB_DEVICE/Target/usbd_conf.o
                0x0000000008008766                USBD_LL_Transmit
 .text.USBD_LL_PrepareReceive
                0x00000000080087a8       0x42 ./USB_DEVICE/Target/usbd_conf.o
                0x00000000080087a8                USBD_LL_PrepareReceive
 .text.USBD_LL_GetRxDataSize
                0x00000000080087ea       0x26 ./USB_DEVICE/Target/usbd_conf.o
                0x00000000080087ea                USBD_LL_GetRxDataSize
 .text.USBD_static_malloc
                0x0000000008008810       0x1c ./USB_DEVICE/Target/usbd_conf.o
                0x0000000008008810                USBD_static_malloc
 .text.USBD_static_free
                0x000000000800882c       0x14 ./USB_DEVICE/Target/usbd_conf.o
                0x000000000800882c                USBD_static_free
 .text.USBD_Get_USB_Status
                0x0000000008008840       0x58 ./USB_DEVICE/Target/usbd_conf.o
                0x0000000008008840                USBD_Get_USB_Status
 .text.__libc_init_array
                0x0000000008008898       0x48 /opt/st/stm32cubeide_1.11.0/plugins/com.st.stm32cube.ide.mcu.externaltools.gnu-tools-for-stm32.10.3-2021.10.linux64_1.0.100.202210260954/tools/bin/../lib/gcc/arm-none-eabi/10.3.1/../../../../arm-none-eabi/lib/thumb/v7e-m+fp/hard/libc_nano.a(lib_a-init.o)
                0x0000000008008898                __libc_init_array
 .text.memcpy   0x00000000080088e0       0x1c /opt/st/stm32cubeide_1.11.0/plugins/com.st.stm32cube.ide.mcu.externaltools.gnu-tools-for-stm32.10.3-2021.10.linux64_1.0.100.202210260954/tools/bin/../lib/gcc/arm-none-eabi/10.3.1/../../../../arm-none-eabi/lib/thumb/v7e-m+fp/hard/libc_nano.a(lib_a-memcpy-stub.o)
                0x00000000080088e0                memcpy
 .text.memset   0x00000000080088fc       0x10 /opt/st/stm32cubeide_1.11.0/plugins/com.st.stm32cube.ide.mcu.externaltools.gnu-tools-for-stm32.10.3-2021.10.linux64_1.0.100.202210260954/tools/bin/../lib/gcc/arm-none-eabi/10.3.1/../../../../arm-none-eabi/lib/thumb/v7e-m+fp/hard/libc_nano.a(lib_a-memset.o)
                0x00000000080088fc                memset
 *(.glue_7)
 .glue_7        0x000000000800890c        0x0 linker stubs
 *(.glue_7t)
 .glue_7t       0x000000000800890c        0x0 linker stubs
 *(.eh_frame)
 .eh_frame      0x000000000800890c        0x0 /opt/st/stm32cubeide_1.11.0/plugins/com.st.stm32cube.ide.mcu.externaltools.gnu-tools-for-stm32.10.3-2021.10.linux64_1.0.100.202210260954/tools/bin/../lib/gcc/arm-none-eabi/10.3.1/thumb/v7e-m+fp/hard/crtbegin.o
 *(.init)
 .init          0x000000000800890c        0x4 /opt/st/stm32cubeide_1.11.0/plugins/com.st.stm32cube.ide.mcu.externaltools.gnu-tools-for-stm32.10.3-2021.10.linux64_1.0.100.202210260954/tools/bin/../lib/gcc/arm-none-eabi/10.3.1/thumb/v7e-m+fp/hard/crti.o
                0x000000000800890c                _init
 .init          0x0000000008008910        0x8 /opt/st/stm32cubeide_1.11.0/plugins/com.st.stm32cube.ide.mcu.externaltools.gnu-tools-for-stm32.10.3-2021.10.linux64_1.0.100.202210260954/tools/bin/../lib/gcc/arm-none-eabi/10.3.1/thumb/v7e-m+fp/hard/crtn.o
 *(.fini)
 .fini          0x0000000008008918        0x4 /opt/st/stm32cubeide_1.11.0/plugins/com.st.stm32cube.ide.mcu.externaltools.gnu-tools-for-stm32.10.3-2021.10.linux64_1.0.100.202210260954/tools/bin/../lib/gcc/arm-none-eabi/10.3.1/thumb/v7e-m+fp/hard/crti.o
                0x0000000008008918                _fini
 .fini          0x000000000800891c        0x8 /opt/st/stm32cubeide_1.11.0/plugins/com.st.stm32cube.ide.mcu.externaltools.gnu-tools-for-stm32.10.3-2021.10.linux64_1.0.100.202210260954/tools/bin/../lib/gcc/arm-none-eabi/10.3.1/thumb/v7e-m+fp/hard/crtn.o
                0x0000000008008924                . = ALIGN (0x4)
                0x0000000008008924                _etext = .

.vfp11_veneer   0x0000000008008924        0x0
 .vfp11_veneer  0x0000000008008924        0x0 linker stubs

.v4_bx          0x0000000008008924        0x0
 .v4_bx         0x0000000008008924        0x0 linker stubs

.iplt           0x0000000008008924        0x0
 .iplt          0x0000000008008924        0x0 /opt/st/stm32cubeide_1.11.0/plugins/com.st.stm32cube.ide.mcu.externaltools.gnu-tools-for-stm32.10.3-2021.10.linux64_1.0.100.202210260954/tools/bin/../lib/gcc/arm-none-eabi/10.3.1/thumb/v7e-m+fp/hard/crtbegin.o

.rodata         0x0000000008008924       0x58
                0x0000000008008924                . = ALIGN (0x4)
 *(.rodata)
 .rodata        0x0000000008008924       0x36 ./USB_DEVICE/App/usbd_desc.o
 *(.rodata*)
 *fill*         0x000000000800895a        0x2 
 .rodata.AHBPrescTable
                0x000000000800895c       0x10 ./Core/Src/system_stm32f4xx.o
                0x000000000800895c                AHBPrescTable
 .rodata.APBPrescTable
                0x000000000800896c        0x8 ./Core/Src/system_stm32f4xx.o
                0x000000000800896c                APBPrescTable
 .rodata.flagBitshiftOffset.0
                0x0000000008008974        0x8 ./Drivers/STM32F4xx_HAL_Driver/Src/stm32f4xx_hal_dma.o
                0x000000000800897c                . = ALIGN (0x4)

.ARM.extab      0x000000000800897c        0x0
                0x000000000800897c                . = ALIGN (0x4)
 *(.ARM.extab* .gnu.linkonce.armextab.*)
                0x000000000800897c                . = ALIGN (0x4)

.ARM            0x000000000800897c        0x8
                0x000000000800897c                . = ALIGN (0x4)
                0x000000000800897c                __exidx_start = .
 *(.ARM.exidx*)
 .ARM.exidx     0x000000000800897c        0x8 /opt/st/stm32cubeide_1.11.0/plugins/com.st.stm32cube.ide.mcu.externaltools.gnu-tools-for-stm32.10.3-2021.10.linux64_1.0.100.202210260954/tools/bin/../lib/gcc/arm-none-eabi/10.3.1/thumb/v7e-m+fp/hard/libgcc.a(_udivmoddi4.o)
                0x0000000008008984                __exidx_end = .
                0x0000000008008984                . = ALIGN (0x4)

.rel.dyn        0x0000000008008984        0x0
 .rel.iplt      0x0000000008008984        0x0 /opt/st/stm32cubeide_1.11.0/plugins/com.st.stm32cube.ide.mcu.externaltools.gnu-tools-for-stm32.10.3-2021.10.linux64_1.0.100.202210260954/tools/bin/../lib/gcc/arm-none-eabi/10.3.1/thumb/v7e-m+fp/hard/crtbegin.o

.preinit_array  0x0000000008008984        0x0
                0x0000000008008984                . = ALIGN (0x4)
                0x0000000008008984                PROVIDE (__preinit_array_start = .)
 *(.preinit_array*)
                0x0000000008008984                PROVIDE (__preinit_array_end = .)
                0x0000000008008984                . = ALIGN (0x4)

.init_array     0x0000000008008984        0x4
                0x0000000008008984                . = ALIGN (0x4)
                0x0000000008008984                PROVIDE (__init_array_start = .)
 *(SORT_BY_NAME(.init_array.*))
 *(.init_array*)
 .init_array    0x0000000008008984        0x4 /opt/st/stm32cubeide_1.11.0/plugins/com.st.stm32cube.ide.mcu.externaltools.gnu-tools-for-stm32.10.3-2021.10.linux64_1.0.100.202210260954/tools/bin/../lib/gcc/arm-none-eabi/10.3.1/thumb/v7e-m+fp/hard/crtbegin.o
                0x0000000008008988                PROVIDE (__init_array_end = .)
                0x0000000008008988                . = ALIGN (0x4)

.fini_array     0x0000000008008988        0x4
                0x0000000008008988                . = ALIGN (0x4)
                [!provide]                        PROVIDE (__fini_array_start = .)
 *(SORT_BY_NAME(.fini_array.*))
 *(.fini_array*)
 .fini_array    0x0000000008008988        0x4 /opt/st/stm32cubeide_1.11.0/plugins/com.st.stm32cube.ide.mcu.externaltools.gnu-tools-for-stm32.10.3-2021.10.linux64_1.0.100.202210260954/tools/bin/../lib/gcc/arm-none-eabi/10.3.1/thumb/v7e-m+fp/hard/crtbegin.o
                [!provide]                        PROVIDE (__fini_array_end = .)
                0x000000000800898c                . = ALIGN (0x4)
                0x000000000800898c                _sidata = LOADADDR (.data)

.data           0x0000000020000000       0xfc load address 0x000000000800898c
                0x0000000020000000                . = ALIGN (0x4)
                0x0000000020000000                _sdata = .
 *(.data)
 *(.data*)
 .data.SystemCoreClock
                0x0000000020000000        0x4 ./Core/Src/system_stm32f4xx.o
                0x0000000020000000                SystemCoreClock
 .data.uwTickPrio
                0x0000000020000004        0x4 ./Drivers/STM32F4xx_HAL_Driver/Src/stm32f4xx_hal.o
                0x0000000020000004                uwTickPrio
 .data.uwTickFreq
                0x0000000020000008        0x1 ./Drivers/STM32F4xx_HAL_Driver/Src/stm32f4xx_hal.o
                0x0000000020000008                uwTickFreq
 *fill*         0x0000000020000009        0x3 
 .data.USBD_CDC_DeviceQualifierDesc
                0x000000002000000c        0xa ./Middlewares/ST/STM32_USB_Device_Library/Class/CDC/Src/usbd_cdc.o
 *fill*         0x0000000020000016        0x2 
 .data.USBD_CDC
                0x0000000020000018       0x38 ./Middlewares/ST/STM32_USB_Device_Library/Class/CDC/Src/usbd_cdc.o
                0x0000000020000018                USBD_CDC
 .data.USBD_CDC_CfgDesc
                0x0000000020000050       0x43 ./Middlewares/ST/STM32_USB_Device_Library/Class/CDC/Src/usbd_cdc.o
 .data.CDCInEpAdd
                0x0000000020000093        0x1 ./Middlewares/ST/STM32_USB_Device_Library/Class/CDC/Src/usbd_cdc.o
 .data.CDCOutEpAdd
                0x0000000020000094        0x1 ./Middlewares/ST/STM32_USB_Device_Library/Class/CDC/Src/usbd_cdc.o
 .data.CDCCmdEpAdd
                0x0000000020000095        0x1 ./Middlewares/ST/STM32_USB_Device_Library/Class/CDC/Src/usbd_cdc.o
 *fill*         0x0000000020000096        0x2 
 .data.USBD_Interface_fops_FS
                0x0000000020000098       0x14 ./USB_DEVICE/App/usbd_cdc_if.o
                0x0000000020000098                USBD_Interface_fops_FS
 .data.FS_Desc  0x00000000200000ac       0x1c ./USB_DEVICE/App/usbd_desc.o
                0x00000000200000ac                FS_Desc
 .data.USBD_FS_DeviceDesc
                0x00000000200000c8       0x12 ./USB_DEVICE/App/usbd_desc.o
                0x00000000200000c8                USBD_FS_DeviceDesc
 *fill*         0x00000000200000da        0x2 
 .data.USBD_LangIDDesc
                0x00000000200000dc        0x4 ./USB_DEVICE/App/usbd_desc.o
                0x00000000200000dc                USBD_LangIDDesc
 .data.USBD_StringSerial
                0x00000000200000e0       0x1a ./USB_DEVICE/App/usbd_desc.o
                0x00000000200000e0                USBD_StringSerial
 *(.RamFunc)
 *(.RamFunc*)
                0x00000000200000fc                . = ALIGN (0x4)
 *fill*         0x00000000200000fa        0x2 
                0x00000000200000fc                _edata = .
                0x0000000008008a88                _siccmram = LOADADDR (.ccmram)

.igot.plt       0x00000000200000fc        0x0 load address 0x0000000008008a88
 .igot.plt      0x00000000200000fc        0x0 /opt/st/stm32cubeide_1.11.0/plugins/com.st.stm32cube.ide.mcu.externaltools.gnu-tools-for-stm32.10.3-2021.10.linux64_1.0.100.202210260954/tools/bin/../lib/gcc/arm-none-eabi/10.3.1/thumb/v7e-m+fp/hard/crtbegin.o

.ccmram         0x0000000010000000        0x0 load address 0x0000000008008a88
                0x0000000010000000                . = ALIGN (0x4)
                0x0000000010000000                _sccmram = .
 *(.ccmram)
 *(.ccmram*)
                0x0000000010000000                . = ALIGN (0x4)
                0x0000000010000000                _eccmram = .
                0x0000000010000000                . = ALIGN (0x4)

.bss            0x00000000200000fc     0x1db4
                0x00000000200000fc                _sbss = .
                0x00000000200000fc                __bss_start__ = _sbss
 *(.bss)
 .bss           0x00000000200000fc       0x1c /opt/st/stm32cubeide_1.11.0/plugins/com.st.stm32cube.ide.mcu.externaltools.gnu-tools-for-stm32.10.3-2021.10.linux64_1.0.100.202210260954/tools/bin/../lib/gcc/arm-none-eabi/10.3.1/thumb/v7e-m+fp/hard/crtbegin.o
 *(.bss*)
 .bss.UART_Rx_data
                0x0000000020000118       0x40 ./Core/Src/main.o
                0x0000000020000118                UART_Rx_data
 .bss.USB_Rx_data
                0x0000000020000158        0xa ./Core/Src/main.o
                0x0000000020000158                USB_Rx_data
 *fill*         0x0000000020000162        0x2 
 .bss.counter   0x0000000020000164        0x4 ./Core/Src/stm32f4xx_it.o
 .bss.dma_interrupt_flag
                0x0000000020000168        0x4 ./Core/Src/stm32f4xx_it.o
 .bss.bbuf_pointer.0
                0x000000002000016c        0x4 ./Core/Src/stm32f4xx_it.o
 .bss.htim7     0x0000000020000170       0x48 ./Core/Src/tim.o
                0x0000000020000170                htim7
 .bss.huart4    0x00000000200001b8       0x44 ./Core/Src/usart.o
                0x00000000200001b8                huart4
 .bss.huart2    0x00000000200001fc       0x44 ./Core/Src/usart.o
                0x00000000200001fc                huart2
 .bss.hdma_usart2_rx
                0x0000000020000240       0x60 ./Core/Src/usart.o
                0x0000000020000240                hdma_usart2_rx
 .bss.uwTick    0x00000000200002a0        0x4 ./Drivers/STM32F4xx_HAL_Driver/Src/stm32f4xx_hal.o
                0x00000000200002a0                uwTick
 .bss.cfgidx.0  0x00000000200002a4        0x1 ./Middlewares/ST/STM32_USB_Device_Library/Core/Src/usbd_ctlreq.o
 *fill*         0x00000000200002a5        0x3 
 .bss.hUsbDeviceFS
                0x00000000200002a8      0x2dc ./USB_DEVICE/App/usb_device.o
                0x00000000200002a8                hUsbDeviceFS
 .bss.UserRxBufferFS
                0x0000000020000584      0x800 ./USB_DEVICE/App/usbd_cdc_if.o
                0x0000000020000584                UserRxBufferFS
 .bss.UserTxBufferFS
                0x0000000020000d84      0x800 ./USB_DEVICE/App/usbd_cdc_if.o
                0x0000000020000d84                UserTxBufferFS
 .bss.USBD_StrDesc
                0x0000000020001584      0x200 ./USB_DEVICE/App/usbd_desc.o
                0x0000000020001584                USBD_StrDesc
 .bss.hpcd_USB_OTG_FS
                0x0000000020001784      0x50c ./USB_DEVICE/Target/usbd_conf.o
                0x0000000020001784                hpcd_USB_OTG_FS
 .bss.mem.0     0x0000000020001c90      0x220 ./USB_DEVICE/Target/usbd_conf.o
 *(COMMON)
                0x0000000020001eb0                . = ALIGN (0x4)
                0x0000000020001eb0                _ebss = .
                0x0000000020001eb0                __bss_end__ = _ebss

._user_heap_stack
                0x0000000020001eb0      0x600
                0x0000000020001eb0                . = ALIGN (0x8)
                [!provide]                        PROVIDE (end = .)
                0x0000000020001eb0                PROVIDE (_end = .)
                0x00000000200020b0                . = (. + _Min_Heap_Size)
 *fill*         0x0000000020001eb0      0x200 
                0x00000000200024b0                . = (. + _Min_Stack_Size)
 *fill*         0x00000000200020b0      0x400 
                0x00000000200024b0                . = ALIGN (0x8)

/DISCARD/
 libc.a(*)
 libm.a(*)
 libgcc.a(*)

.ARM.attributes
                0x0000000000000000       0x30
 *(.ARM.attributes)
 .ARM.attributes
                0x0000000000000000       0x1e /opt/st/stm32cubeide_1.11.0/plugins/com.st.stm32cube.ide.mcu.externaltools.gnu-tools-for-stm32.10.3-2021.10.linux64_1.0.100.202210260954/tools/bin/../lib/gcc/arm-none-eabi/10.3.1/thumb/v7e-m+fp/hard/crti.o
 .ARM.attributes
                0x000000000000001e       0x34 /opt/st/stm32cubeide_1.11.0/plugins/com.st.stm32cube.ide.mcu.externaltools.gnu-tools-for-stm32.10.3-2021.10.linux64_1.0.100.202210260954/tools/bin/../lib/gcc/arm-none-eabi/10.3.1/thumb/v7e-m+fp/hard/crtbegin.o
 .ARM.attributes
                0x0000000000000052       0x34 ./Core/Src/dma.o
 .ARM.attributes
                0x0000000000000086       0x34 ./Core/Src/gpio.o
 .ARM.attributes
                0x00000000000000ba       0x34 ./Core/Src/main.o
 .ARM.attributes
                0x00000000000000ee       0x34 ./Core/Src/stm32f4xx_hal_msp.o
 .ARM.attributes
                0x0000000000000122       0x34 ./Core/Src/stm32f4xx_it.o
 .ARM.attributes
                0x0000000000000156       0x34 ./Core/Src/system_stm32f4xx.o
 .ARM.attributes
                0x000000000000018a       0x34 ./Core/Src/tim.o
 .ARM.attributes
                0x00000000000001be       0x34 ./Core/Src/usart.o
 .ARM.attributes
                0x00000000000001f2       0x21 ./Core/Startup/startup_stm32f429zitx.o
 .ARM.attributes
                0x0000000000000213       0x34 ./Drivers/STM32F4xx_HAL_Driver/Src/stm32f4xx_hal.o
 .ARM.attributes
                0x0000000000000247       0x34 ./Drivers/STM32F4xx_HAL_Driver/Src/stm32f4xx_hal_cortex.o
 .ARM.attributes
                0x000000000000027b       0x34 ./Drivers/STM32F4xx_HAL_Driver/Src/stm32f4xx_hal_dma.o
 .ARM.attributes
                0x00000000000002af       0x34 ./Drivers/STM32F4xx_HAL_Driver/Src/stm32f4xx_hal_gpio.o
 .ARM.attributes
                0x00000000000002e3       0x34 ./Drivers/STM32F4xx_HAL_Driver/Src/stm32f4xx_hal_pcd.o
 .ARM.attributes
                0x0000000000000317       0x34 ./Drivers/STM32F4xx_HAL_Driver/Src/stm32f4xx_hal_pcd_ex.o
 .ARM.attributes
                0x000000000000034b       0x34 ./Drivers/STM32F4xx_HAL_Driver/Src/stm32f4xx_hal_rcc.o
 .ARM.attributes
                0x000000000000037f       0x34 ./Drivers/STM32F4xx_HAL_Driver/Src/stm32f4xx_hal_tim.o
 .ARM.attributes
                0x00000000000003b3       0x34 ./Drivers/STM32F4xx_HAL_Driver/Src/stm32f4xx_hal_tim_ex.o
 .ARM.attributes
                0x00000000000003e7       0x34 ./Drivers/STM32F4xx_HAL_Driver/Src/stm32f4xx_hal_uart.o
 .ARM.attributes
                0x000000000000041b       0x34 ./Drivers/STM32F4xx_HAL_Driver/Src/stm32f4xx_ll_usb.o
 .ARM.attributes
                0x000000000000044f       0x34 ./Middlewares/ST/STM32_USB_Device_Library/Class/CDC/Src/usbd_cdc.o
 .ARM.attributes
                0x0000000000000483       0x34 ./Middlewares/ST/STM32_USB_Device_Library/Core/Src/usbd_core.o
 .ARM.attributes
                0x00000000000004b7       0x34 ./Middlewares/ST/STM32_USB_Device_Library/Core/Src/usbd_ctlreq.o
 .ARM.attributes
                0x00000000000004eb       0x34 ./Middlewares/ST/STM32_USB_Device_Library/Core/Src/usbd_ioreq.o
 .ARM.attributes
                0x000000000000051f       0x34 ./USB_DEVICE/App/usb_device.o
 .ARM.attributes
                0x0000000000000553       0x34 ./USB_DEVICE/App/usbd_cdc_if.o
 .ARM.attributes
                0x0000000000000587       0x34 ./USB_DEVICE/App/usbd_desc.o
 .ARM.attributes
                0x00000000000005bb       0x34 ./USB_DEVICE/Target/usbd_conf.o
 .ARM.attributes
                0x00000000000005ef       0x34 /opt/st/stm32cubeide_1.11.0/plugins/com.st.stm32cube.ide.mcu.externaltools.gnu-tools-for-stm32.10.3-2021.10.linux64_1.0.100.202210260954/tools/bin/../lib/gcc/arm-none-eabi/10.3.1/../../../../arm-none-eabi/lib/thumb/v7e-m+fp/hard/libc_nano.a(lib_a-init.o)
 .ARM.attributes
                0x0000000000000623       0x34 /opt/st/stm32cubeide_1.11.0/plugins/com.st.stm32cube.ide.mcu.externaltools.gnu-tools-for-stm32.10.3-2021.10.linux64_1.0.100.202210260954/tools/bin/../lib/gcc/arm-none-eabi/10.3.1/../../../../arm-none-eabi/lib/thumb/v7e-m+fp/hard/libc_nano.a(lib_a-memcpy-stub.o)
 .ARM.attributes
                0x0000000000000657       0x34 /opt/st/stm32cubeide_1.11.0/plugins/com.st.stm32cube.ide.mcu.externaltools.gnu-tools-for-stm32.10.3-2021.10.linux64_1.0.100.202210260954/tools/bin/../lib/gcc/arm-none-eabi/10.3.1/../../../../arm-none-eabi/lib/thumb/v7e-m+fp/hard/libc_nano.a(lib_a-memset.o)
 .ARM.attributes
                0x000000000000068b       0x1e /opt/st/stm32cubeide_1.11.0/plugins/com.st.stm32cube.ide.mcu.externaltools.gnu-tools-for-stm32.10.3-2021.10.linux64_1.0.100.202210260954/tools/bin/../lib/gcc/arm-none-eabi/10.3.1/thumb/v7e-m+fp/hard/libgcc.a(_aeabi_uldivmod.o)
 .ARM.attributes
                0x00000000000006a9       0x34 /opt/st/stm32cubeide_1.11.0/plugins/com.st.stm32cube.ide.mcu.externaltools.gnu-tools-for-stm32.10.3-2021.10.linux64_1.0.100.202210260954/tools/bin/../lib/gcc/arm-none-eabi/10.3.1/thumb/v7e-m+fp/hard/libgcc.a(_udivmoddi4.o)
 .ARM.attributes
                0x00000000000006dd       0x1e /opt/st/stm32cubeide_1.11.0/plugins/com.st.stm32cube.ide.mcu.externaltools.gnu-tools-for-stm32.10.3-2021.10.linux64_1.0.100.202210260954/tools/bin/../lib/gcc/arm-none-eabi/10.3.1/thumb/v7e-m+fp/hard/libgcc.a(_dvmd_tls.o)
 .ARM.attributes
                0x00000000000006fb       0x1e /opt/st/stm32cubeide_1.11.0/plugins/com.st.stm32cube.ide.mcu.externaltools.gnu-tools-for-stm32.10.3-2021.10.linux64_1.0.100.202210260954/tools/bin/../lib/gcc/arm-none-eabi/10.3.1/thumb/v7e-m+fp/hard/crtn.o
OUTPUT(USB_UART_Converter.elf elf32-littlearm)
LOAD linker stubs
LOAD /opt/st/stm32cubeide_1.11.0/plugins/com.st.stm32cube.ide.mcu.externaltools.gnu-tools-for-stm32.10.3-2021.10.linux64_1.0.100.202210260954/tools/bin/../lib/gcc/arm-none-eabi/10.3.1/../../../../arm-none-eabi/lib/thumb/v7e-m+fp/hard/libc.a
LOAD /opt/st/stm32cubeide_1.11.0/plugins/com.st.stm32cube.ide.mcu.externaltools.gnu-tools-for-stm32.10.3-2021.10.linux64_1.0.100.202210260954/tools/bin/../lib/gcc/arm-none-eabi/10.3.1/../../../../arm-none-eabi/lib/thumb/v7e-m+fp/hard/libm.a
LOAD /opt/st/stm32cubeide_1.11.0/plugins/com.st.stm32cube.ide.mcu.externaltools.gnu-tools-for-stm32.10.3-2021.10.linux64_1.0.100.202210260954/tools/bin/../lib/gcc/arm-none-eabi/10.3.1/thumb/v7e-m+fp/hard/libgcc.a

.debug_info     0x0000000000000000    0x18a4d
 .debug_info    0x0000000000000000      0x53e ./Core/Src/dma.o
 .debug_info    0x000000000000053e      0x4df ./Core/Src/gpio.o
 .debug_info    0x0000000000000a1d      0x7be ./Core/Src/main.o
 .debug_info    0x00000000000011db      0x2c4 ./Core/Src/stm32f4xx_hal_msp.o
 .debug_info    0x000000000000149f      0xd82 ./Core/Src/stm32f4xx_it.o
 .debug_info    0x0000000000002221      0x53f ./Core/Src/system_stm32f4xx.o
 .debug_info    0x0000000000002760      0xc31 ./Core/Src/tim.o
 .debug_info    0x0000000000003391      0xa7f ./Core/Src/usart.o
 .debug_info    0x0000000000003e10       0x22 ./Core/Startup/startup_stm32f429zitx.o
 .debug_info    0x0000000000003e32      0x9f4 ./Drivers/STM32F4xx_HAL_Driver/Src/stm32f4xx_hal.o
 .debug_info    0x0000000000004826      0xe51 ./Drivers/STM32F4xx_HAL_Driver/Src/stm32f4xx_hal_cortex.o
 .debug_info    0x0000000000005677      0x94f ./Drivers/STM32F4xx_HAL_Driver/Src/stm32f4xx_hal_dma.o
 .debug_info    0x0000000000005fc6      0x786 ./Drivers/STM32F4xx_HAL_Driver/Src/stm32f4xx_hal_gpio.o
 .debug_info    0x000000000000674c     0x1695 ./Drivers/STM32F4xx_HAL_Driver/Src/stm32f4xx_hal_pcd.o
 .debug_info    0x0000000000007de1      0x717 ./Drivers/STM32F4xx_HAL_Driver/Src/stm32f4xx_hal_pcd_ex.o
 .debug_info    0x00000000000084f8      0x982 ./Drivers/STM32F4xx_HAL_Driver/Src/stm32f4xx_hal_rcc.o
 .debug_info    0x0000000000008e7a     0x2bbe ./Drivers/STM32F4xx_HAL_Driver/Src/stm32f4xx_hal_tim.o
 .debug_info    0x000000000000ba38     0x15e0 ./Drivers/STM32F4xx_HAL_Driver/Src/stm32f4xx_hal_tim_ex.o
 .debug_info    0x000000000000d018     0x31bc ./Drivers/STM32F4xx_HAL_Driver/Src/stm32f4xx_hal_uart.o
 .debug_info    0x00000000000101d4     0x1a97 ./Drivers/STM32F4xx_HAL_Driver/Src/stm32f4xx_ll_usb.o
 .debug_info    0x0000000000011c6b     0x130c ./Middlewares/ST/STM32_USB_Device_Library/Class/CDC/Src/usbd_cdc.o
 .debug_info    0x0000000000012f77      0xee7 ./Middlewares/ST/STM32_USB_Device_Library/Core/Src/usbd_core.o
 .debug_info    0x0000000000013e5e      0xb7f ./Middlewares/ST/STM32_USB_Device_Library/Core/Src/usbd_ctlreq.o
 .debug_info    0x00000000000149dd      0x7da ./Middlewares/ST/STM32_USB_Device_Library/Core/Src/usbd_ioreq.o
 .debug_info    0x00000000000151b7      0x76a ./USB_DEVICE/App/usb_device.o
 .debug_info    0x0000000000015921      0xf21 ./USB_DEVICE/App/usbd_cdc_if.o
 .debug_info    0x0000000000016842      0x498 ./USB_DEVICE/App/usbd_desc.o
 .debug_info    0x0000000000016cda     0x1d73 ./USB_DEVICE/Target/usbd_conf.o

.debug_abbrev   0x0000000000000000     0x39a8
 .debug_abbrev  0x0000000000000000      0x10a ./Core/Src/dma.o
 .debug_abbrev  0x000000000000010a      0x146 ./Core/Src/gpio.o
 .debug_abbrev  0x0000000000000250      0x1df ./Core/Src/main.o
 .debug_abbrev  0x000000000000042f       0xd4 ./Core/Src/stm32f4xx_hal_msp.o
 .debug_abbrev  0x0000000000000503      0x25d ./Core/Src/stm32f4xx_it.o
 .debug_abbrev  0x0000000000000760      0x116 ./Core/Src/system_stm32f4xx.o
 .debug_abbrev  0x0000000000000876      0x1e0 ./Core/Src/tim.o
 .debug_abbrev  0x0000000000000a56      0x1fa ./Core/Src/usart.o
 .debug_abbrev  0x0000000000000c50       0x12 ./Core/Startup/startup_stm32f429zitx.o
 .debug_abbrev  0x0000000000000c62      0x20d ./Drivers/STM32F4xx_HAL_Driver/Src/stm32f4xx_hal.o
 .debug_abbrev  0x0000000000000e6f      0x316 ./Drivers/STM32F4xx_HAL_Driver/Src/stm32f4xx_hal_cortex.o
 .debug_abbrev  0x0000000000001185      0x25b ./Drivers/STM32F4xx_HAL_Driver/Src/stm32f4xx_hal_dma.o
 .debug_abbrev  0x00000000000013e0      0x1c4 ./Drivers/STM32F4xx_HAL_Driver/Src/stm32f4xx_hal_gpio.o
 .debug_abbrev  0x00000000000015a4      0x2bb ./Drivers/STM32F4xx_HAL_Driver/Src/stm32f4xx_hal_pcd.o
 .debug_abbrev  0x000000000000185f      0x1ce ./Drivers/STM32F4xx_HAL_Driver/Src/stm32f4xx_hal_pcd_ex.o
 .debug_abbrev  0x0000000000001a2d      0x2aa ./Drivers/STM32F4xx_HAL_Driver/Src/stm32f4xx_hal_rcc.o
 .debug_abbrev  0x0000000000001cd7      0x25d ./Drivers/STM32F4xx_HAL_Driver/Src/stm32f4xx_hal_tim.o
 .debug_abbrev  0x0000000000001f34      0x265 ./Drivers/STM32F4xx_HAL_Driver/Src/stm32f4xx_hal_tim_ex.o
 .debug_abbrev  0x0000000000002199      0x2f4 ./Drivers/STM32F4xx_HAL_Driver/Src/stm32f4xx_hal_uart.o
 .debug_abbrev  0x000000000000248d      0x296 ./Drivers/STM32F4xx_HAL_Driver/Src/stm32f4xx_ll_usb.o
 .debug_abbrev  0x0000000000002723      0x2be ./Middlewares/ST/STM32_USB_Device_Library/Class/CDC/Src/usbd_cdc.o
 .debug_abbrev  0x00000000000029e1      0x263 ./Middlewares/ST/STM32_USB_Device_Library/Core/Src/usbd_core.o
 .debug_abbrev  0x0000000000002c44      0x25c ./Middlewares/ST/STM32_USB_Device_Library/Core/Src/usbd_ctlreq.o
 .debug_abbrev  0x0000000000002ea0      0x18a ./Middlewares/ST/STM32_USB_Device_Library/Core/Src/usbd_ioreq.o
 .debug_abbrev  0x000000000000302a      0x18a ./USB_DEVICE/App/usb_device.o
 .debug_abbrev  0x00000000000031b4      0x2ef ./USB_DEVICE/App/usbd_cdc_if.o
 .debug_abbrev  0x00000000000034a3      0x1da ./USB_DEVICE/App/usbd_desc.o
 .debug_abbrev  0x000000000000367d      0x32b ./USB_DEVICE/Target/usbd_conf.o

.debug_aranges  0x0000000000000000     0x13c0
 .debug_aranges
                0x0000000000000000       0x20 ./Core/Src/dma.o
 .debug_aranges
                0x0000000000000020       0x20 ./Core/Src/gpio.o
 .debug_aranges
                0x0000000000000040       0x30 ./Core/Src/main.o
 .debug_aranges
                0x0000000000000070       0x20 ./Core/Src/stm32f4xx_hal_msp.o
 .debug_aranges
                0x0000000000000090       0x78 ./Core/Src/stm32f4xx_it.o
 .debug_aranges
                0x0000000000000108       0x28 ./Core/Src/system_stm32f4xx.o
 .debug_aranges
                0x0000000000000130       0x30 ./Core/Src/tim.o
 .debug_aranges
                0x0000000000000160       0x38 ./Core/Src/usart.o
 .debug_aranges
                0x0000000000000198       0x28 ./Core/Startup/startup_stm32f429zitx.o
 .debug_aranges
                0x00000000000001c0      0x100 ./Drivers/STM32F4xx_HAL_Driver/Src/stm32f4xx_hal.o
 .debug_aranges
                0x00000000000002c0      0x118 ./Drivers/STM32F4xx_HAL_Driver/Src/stm32f4xx_hal_cortex.o
 .debug_aranges
                0x00000000000003d8       0x90 ./Drivers/STM32F4xx_HAL_Driver/Src/stm32f4xx_hal_dma.o
 .debug_aranges
                0x0000000000000468       0x58 ./Drivers/STM32F4xx_HAL_Driver/Src/stm32f4xx_hal_gpio.o
 .debug_aranges
                0x00000000000004c0      0x148 ./Drivers/STM32F4xx_HAL_Driver/Src/stm32f4xx_hal_pcd.o
 .debug_aranges
                0x0000000000000608       0x38 ./Drivers/STM32F4xx_HAL_Driver/Src/stm32f4xx_hal_pcd_ex.o
 .debug_aranges
                0x0000000000000640       0x88 ./Drivers/STM32F4xx_HAL_Driver/Src/stm32f4xx_hal_rcc.o
 .debug_aranges
                0x00000000000006c8      0x3d0 ./Drivers/STM32F4xx_HAL_Driver/Src/stm32f4xx_hal_tim.o
 .debug_aranges
                0x0000000000000a98      0x168 ./Drivers/STM32F4xx_HAL_Driver/Src/stm32f4xx_hal_tim_ex.o
 .debug_aranges
                0x0000000000000c00      0x200 ./Drivers/STM32F4xx_HAL_Driver/Src/stm32f4xx_hal_uart.o
 .debug_aranges
                0x0000000000000e00      0x1a0 ./Drivers/STM32F4xx_HAL_Driver/Src/stm32f4xx_ll_usb.o
 .debug_aranges
                0x0000000000000fa0       0x90 ./Middlewares/ST/STM32_USB_Device_Library/Class/CDC/Src/usbd_cdc.o
 .debug_aranges
                0x0000000000001030       0xd8 ./Middlewares/ST/STM32_USB_Device_Library/Core/Src/usbd_core.o
 .debug_aranges
                0x0000000000001108       0x90 ./Middlewares/ST/STM32_USB_Device_Library/Core/Src/usbd_ctlreq.o
 .debug_aranges
                0x0000000000001198       0x50 ./Middlewares/ST/STM32_USB_Device_Library/Core/Src/usbd_ioreq.o
 .debug_aranges
                0x00000000000011e8       0x20 ./USB_DEVICE/App/usb_device.o
 .debug_aranges
                0x0000000000001208       0x48 ./USB_DEVICE/App/usbd_cdc_if.o
 .debug_aranges
                0x0000000000001250       0x60 ./USB_DEVICE/App/usbd_desc.o
 .debug_aranges
                0x00000000000012b0      0x110 ./USB_DEVICE/Target/usbd_conf.o

.debug_ranges   0x0000000000000000     0x1238
 .debug_ranges  0x0000000000000000       0x10 ./Core/Src/dma.o
 .debug_ranges  0x0000000000000010       0x10 ./Core/Src/gpio.o
 .debug_ranges  0x0000000000000020       0x20 ./Core/Src/main.o
 .debug_ranges  0x0000000000000040       0x10 ./Core/Src/stm32f4xx_hal_msp.o
 .debug_ranges  0x0000000000000050       0x68 ./Core/Src/stm32f4xx_it.o
 .debug_ranges  0x00000000000000b8       0x18 ./Core/Src/system_stm32f4xx.o
 .debug_ranges  0x00000000000000d0       0x20 ./Core/Src/tim.o
 .debug_ranges  0x00000000000000f0       0x28 ./Core/Src/usart.o
 .debug_ranges  0x0000000000000118       0x20 ./Core/Startup/startup_stm32f429zitx.o
 .debug_ranges  0x0000000000000138       0xf0 ./Drivers/STM32F4xx_HAL_Driver/Src/stm32f4xx_hal.o
 .debug_ranges  0x0000000000000228      0x108 ./Drivers/STM32F4xx_HAL_Driver/Src/stm32f4xx_hal_cortex.o
 .debug_ranges  0x0000000000000330       0x80 ./Drivers/STM32F4xx_HAL_Driver/Src/stm32f4xx_hal_dma.o
 .debug_ranges  0x00000000000003b0       0x48 ./Drivers/STM32F4xx_HAL_Driver/Src/stm32f4xx_hal_gpio.o
 .debug_ranges  0x00000000000003f8      0x138 ./Drivers/STM32F4xx_HAL_Driver/Src/stm32f4xx_hal_pcd.o
 .debug_ranges  0x0000000000000530       0x28 ./Drivers/STM32F4xx_HAL_Driver/Src/stm32f4xx_hal_pcd_ex.o
 .debug_ranges  0x0000000000000558       0x78 ./Drivers/STM32F4xx_HAL_Driver/Src/stm32f4xx_hal_rcc.o
 .debug_ranges  0x00000000000005d0      0x3c0 ./Drivers/STM32F4xx_HAL_Driver/Src/stm32f4xx_hal_tim.o
 .debug_ranges  0x0000000000000990      0x158 ./Drivers/STM32F4xx_HAL_Driver/Src/stm32f4xx_hal_tim_ex.o
 .debug_ranges  0x0000000000000ae8      0x220 ./Drivers/STM32F4xx_HAL_Driver/Src/stm32f4xx_hal_uart.o
 .debug_ranges  0x0000000000000d08      0x190 ./Drivers/STM32F4xx_HAL_Driver/Src/stm32f4xx_ll_usb.o
 .debug_ranges  0x0000000000000e98       0x80 ./Middlewares/ST/STM32_USB_Device_Library/Class/CDC/Src/usbd_cdc.o
 .debug_ranges  0x0000000000000f18       0xc8 ./Middlewares/ST/STM32_USB_Device_Library/Core/Src/usbd_core.o
 .debug_ranges  0x0000000000000fe0       0x80 ./Middlewares/ST/STM32_USB_Device_Library/Core/Src/usbd_ctlreq.o
 .debug_ranges  0x0000000000001060       0x40 ./Middlewares/ST/STM32_USB_Device_Library/Core/Src/usbd_ioreq.o
 .debug_ranges  0x00000000000010a0       0x10 ./USB_DEVICE/App/usb_device.o
 .debug_ranges  0x00000000000010b0       0x38 ./USB_DEVICE/App/usbd_cdc_if.o
 .debug_ranges  0x00000000000010e8       0x50 ./USB_DEVICE/App/usbd_desc.o
 .debug_ranges  0x0000000000001138      0x100 ./USB_DEVICE/Target/usbd_conf.o

.debug_macro    0x0000000000000000    0x273ea
 .debug_macro   0x0000000000000000      0x20b ./Core/Src/dma.o
 .debug_macro   0x000000000000020b      0xa78 ./Core/Src/dma.o
 .debug_macro   0x0000000000000c83      0x2a1 ./Core/Src/dma.o
 .debug_macro   0x0000000000000f24       0x2e ./Core/Src/dma.o
 .debug_macro   0x0000000000000f52       0x28 ./Core/Src/dma.o
 .debug_macro   0x0000000000000f7a       0x22 ./Core/Src/dma.o
 .debug_macro   0x0000000000000f9c       0x8e ./Core/Src/dma.o
 .debug_macro   0x000000000000102a       0x51 ./Core/Src/dma.o
 .debug_macro   0x000000000000107b      0x103 ./Core/Src/dma.o
 .debug_macro   0x000000000000117e       0x6a ./Core/Src/dma.o
 .debug_macro   0x00000000000011e8      0x1df ./Core/Src/dma.o
 .debug_macro   0x00000000000013c7       0x1c ./Core/Src/dma.o
 .debug_macro   0x00000000000013e3       0x22 ./Core/Src/dma.o
 .debug_macro   0x0000000000001405       0xd9 ./Core/Src/dma.o
 .debug_macro   0x00000000000014de     0x102d ./Core/Src/dma.o
 .debug_macro   0x000000000000250b      0x11f ./Core/Src/dma.o
 .debug_macro   0x000000000000262a    0x17fc0 ./Core/Src/dma.o
 .debug_macro   0x000000000001a5ea       0x6d ./Core/Src/dma.o
 .debug_macro   0x000000000001a657     0x36f5 ./Core/Src/dma.o
 .debug_macro   0x000000000001dd4c      0x174 ./Core/Src/dma.o
 .debug_macro   0x000000000001dec0       0x5c ./Core/Src/dma.o
 .debug_macro   0x000000000001df1c      0xca5 ./Core/Src/dma.o
 .debug_macro   0x000000000001ebc1      0x9fe ./Core/Src/dma.o
 .debug_macro   0x000000000001f5bf      0x115 ./Core/Src/dma.o
 .debug_macro   0x000000000001f6d4      0x156 ./Core/Src/dma.o
 .debug_macro   0x000000000001f82a       0xa5 ./Core/Src/dma.o
 .debug_macro   0x000000000001f8cf      0x182 ./Core/Src/dma.o
 .debug_macro   0x000000000001fa51      0x287 ./Core/Src/dma.o
 .debug_macro   0x000000000001fcd8       0x5f ./Core/Src/dma.o
 .debug_macro   0x000000000001fd37      0x236 ./Core/Src/dma.o
 .debug_macro   0x000000000001ff6d      0x132 ./Core/Src/dma.o
 .debug_macro   0x000000000002009f      0x41d ./Core/Src/dma.o
 .debug_macro   0x00000000000204bc       0x2e ./Core/Src/dma.o
 .debug_macro   0x00000000000204ea      0x11a ./Core/Src/dma.o
 .debug_macro   0x0000000000020604       0xe2 ./Core/Src/dma.o
 .debug_macro   0x00000000000206e6       0x89 ./Core/Src/dma.o
 .debug_macro   0x000000000002076f      0x8e6 ./Core/Src/dma.o
 .debug_macro   0x0000000000021055       0x47 ./Core/Src/dma.o
 .debug_macro   0x000000000002109c      0x295 ./Core/Src/dma.o
 .debug_macro   0x0000000000021331      0x248 ./Core/Src/dma.o
 .debug_macro   0x0000000000021579       0xba ./Core/Src/dma.o
 .debug_macro   0x0000000000021633      0x134 ./Core/Src/dma.o
 .debug_macro   0x0000000000021767      0x13c ./Core/Src/dma.o
 .debug_macro   0x00000000000218a3      0x20b ./Core/Src/gpio.o
 .debug_macro   0x0000000000021aae      0x462 ./Core/Src/main.o
 .debug_macro   0x0000000000021f10       0x52 ./Core/Src/main.o
 .debug_macro   0x0000000000021f62       0x1e ./Core/Src/main.o
 .debug_macro   0x0000000000021f80       0x3c ./Core/Src/main.o
 .debug_macro   0x0000000000021fbc       0x34 ./Core/Src/main.o
 .debug_macro   0x0000000000021ff0       0x16 ./Core/Src/main.o
 .debug_macro   0x0000000000022006       0x35 ./Core/Src/main.o
 .debug_macro   0x000000000002203b      0x341 ./Core/Src/main.o
 .debug_macro   0x000000000002237c       0x10 ./Core/Src/main.o
 .debug_macro   0x000000000002238c       0x16 ./Core/Src/main.o
 .debug_macro   0x00000000000223a2       0x43 ./Core/Src/main.o
 .debug_macro   0x00000000000223e5       0x34 ./Core/Src/main.o
 .debug_macro   0x0000000000022419       0x10 ./Core/Src/main.o
 .debug_macro   0x0000000000022429       0x58 ./Core/Src/main.o
 .debug_macro   0x0000000000022481       0x71 ./Core/Src/main.o
 .debug_macro   0x00000000000224f2       0x1c ./Core/Src/main.o
 .debug_macro   0x000000000002250e      0x12a ./Core/Src/main.o
 .debug_macro   0x0000000000022638       0x10 ./Core/Src/main.o
 .debug_macro   0x0000000000022648       0x1c ./Core/Src/main.o
 .debug_macro   0x0000000000022664       0x52 ./Core/Src/main.o
 .debug_macro   0x00000000000226b6       0x22 ./Core/Src/main.o
 .debug_macro   0x00000000000226d8       0x10 ./Core/Src/main.o
 .debug_macro   0x00000000000226e8       0x52 ./Core/Src/main.o
 .debug_macro   0x000000000002273a       0xd5 ./Core/Src/main.o
 .debug_macro   0x000000000002280f       0x1c ./Core/Src/main.o
 .debug_macro   0x000000000002282b       0x3d ./Core/Src/main.o
 .debug_macro   0x0000000000022868       0x16 ./Core/Src/main.o
 .debug_macro   0x000000000002287e      0x145 ./Core/Src/main.o
 .debug_macro   0x00000000000229c3       0x16 ./Core/Src/main.o
 .debug_macro   0x00000000000229d9       0x16 ./Core/Src/main.o
 .debug_macro   0x00000000000229ef       0x29 ./Core/Src/main.o
 .debug_macro   0x0000000000022a18       0x16 ./Core/Src/main.o
 .debug_macro   0x0000000000022a2e       0x20 ./Core/Src/main.o
 .debug_macro   0x0000000000022a4e       0x65 ./Core/Src/main.o
 .debug_macro   0x0000000000022ab3      0x20f ./Core/Src/main.o
 .debug_macro   0x0000000000022cc2       0x95 ./Core/Src/main.o
 .debug_macro   0x0000000000022d57       0x10 ./Core/Src/main.o
 .debug_macro   0x0000000000022d67      0x201 ./Core/Src/stm32f4xx_hal_msp.o
 .debug_macro   0x0000000000022f68      0x20b ./Core/Src/stm32f4xx_it.o
 .debug_macro   0x0000000000023173      0x1f2 ./Core/Src/system_stm32f4xx.o
 .debug_macro   0x0000000000023365      0x20b ./Core/Src/tim.o
 .debug_macro   0x0000000000023570      0x20b ./Core/Src/usart.o
 .debug_macro   0x000000000002377b      0x252 ./Drivers/STM32F4xx_HAL_Driver/Src/stm32f4xx_hal.o
 .debug_macro   0x00000000000239cd      0x1f2 ./Drivers/STM32F4xx_HAL_Driver/Src/stm32f4xx_hal_cortex.o
 .debug_macro   0x0000000000023bbf      0x1f8 ./Drivers/STM32F4xx_HAL_Driver/Src/stm32f4xx_hal_dma.o
 .debug_macro   0x0000000000023db7      0x1f8 ./Drivers/STM32F4xx_HAL_Driver/Src/stm32f4xx_hal_gpio.o
 .debug_macro   0x0000000000023faf      0x1fe ./Drivers/STM32F4xx_HAL_Driver/Src/stm32f4xx_hal_pcd.o
 .debug_macro   0x00000000000241ad      0x1f2 ./Drivers/STM32F4xx_HAL_Driver/Src/stm32f4xx_hal_pcd_ex.o
 .debug_macro   0x000000000002439f      0x216 ./Drivers/STM32F4xx_HAL_Driver/Src/stm32f4xx_hal_rcc.o
 .debug_macro   0x00000000000245b5      0x1f3 ./Drivers/STM32F4xx_HAL_Driver/Src/stm32f4xx_hal_tim.o
 .debug_macro   0x00000000000247a8      0x1f2 ./Drivers/STM32F4xx_HAL_Driver/Src/stm32f4xx_hal_tim_ex.o
 .debug_macro   0x000000000002499a      0x1f3 ./Drivers/STM32F4xx_HAL_Driver/Src/stm32f4xx_hal_uart.o
 .debug_macro   0x0000000000024b8d      0x1f2 ./Drivers/STM32F4xx_HAL_Driver/Src/stm32f4xx_ll_usb.o
 .debug_macro   0x0000000000024d7f      0x417 ./Middlewares/ST/STM32_USB_Device_Library/Class/CDC/Src/usbd_cdc.o
 .debug_macro   0x0000000000025196       0x97 ./Middlewares/ST/STM32_USB_Device_Library/Class/CDC/Src/usbd_cdc.o
 .debug_macro   0x000000000002522d       0xfd ./Middlewares/ST/STM32_USB_Device_Library/Class/CDC/Src/usbd_cdc.o
 .debug_macro   0x000000000002532a       0x56 ./Middlewares/ST/STM32_USB_Device_Library/Class/CDC/Src/usbd_cdc.o
 .debug_macro   0x0000000000025380      0x3fe ./Middlewares/ST/STM32_USB_Device_Library/Core/Src/usbd_core.o
 .debug_macro   0x000000000002577e      0x215 ./Middlewares/ST/STM32_USB_Device_Library/Core/Src/usbd_core.o
 .debug_macro   0x0000000000025993      0x408 ./Middlewares/ST/STM32_USB_Device_Library/Core/Src/usbd_ctlreq.o
 .debug_macro   0x0000000000025d9b      0x404 ./Middlewares/ST/STM32_USB_Device_Library/Core/Src/usbd_ioreq.o
 .debug_macro   0x000000000002619f      0x437 ./USB_DEVICE/App/usb_device.o
 .debug_macro   0x00000000000265d6      0x142 ./USB_DEVICE/App/usb_device.o
 .debug_macro   0x0000000000026718       0x22 ./USB_DEVICE/App/usb_device.o
 .debug_macro   0x000000000002673a       0x16 ./USB_DEVICE/App/usb_device.o
 .debug_macro   0x0000000000026750      0x422 ./USB_DEVICE/App/usbd_cdc_if.o
 .debug_macro   0x0000000000026b72      0x441 ./USB_DEVICE/App/usbd_desc.o
 .debug_macro   0x0000000000026fb3       0x1c ./USB_DEVICE/App/usbd_desc.o
 .debug_macro   0x0000000000026fcf      0x41b ./USB_DEVICE/Target/usbd_conf.o

.debug_line     0x0000000000000000    0x197fe
 .debug_line    0x0000000000000000      0x6e2 ./Core/Src/dma.o
 .debug_line    0x00000000000006e2      0x76a ./Core/Src/gpio.o
 .debug_line    0x0000000000000e4c      0xadb ./Core/Src/main.o
 .debug_line    0x0000000000001927      0x6e6 ./Core/Src/stm32f4xx_hal_msp.o
 .debug_line    0x000000000000200d      0x860 ./Core/Src/stm32f4xx_it.o
 .debug_line    0x000000000000286d      0x768 ./Core/Src/system_stm32f4xx.o
 .debug_line    0x0000000000002fd5      0x741 ./Core/Src/tim.o
 .debug_line    0x0000000000003716      0x7f2 ./Core/Src/usart.o
 .debug_line    0x0000000000003f08       0x88 ./Core/Startup/startup_stm32f429zitx.o
 .debug_line    0x0000000000003f90      0xa04 ./Drivers/STM32F4xx_HAL_Driver/Src/stm32f4xx_hal.o
 .debug_line    0x0000000000004994      0xc7d ./Drivers/STM32F4xx_HAL_Driver/Src/stm32f4xx_hal_cortex.o
 .debug_line    0x0000000000005611      0xf32 ./Drivers/STM32F4xx_HAL_Driver/Src/stm32f4xx_hal_dma.o
 .debug_line    0x0000000000006543      0xb6a ./Drivers/STM32F4xx_HAL_Driver/Src/stm32f4xx_hal_gpio.o
 .debug_line    0x00000000000070ad     0x1471 ./Drivers/STM32F4xx_HAL_Driver/Src/stm32f4xx_hal_pcd.o
 .debug_line    0x000000000000851e      0x7b1 ./Drivers/STM32F4xx_HAL_Driver/Src/stm32f4xx_hal_pcd_ex.o
 .debug_line    0x0000000000008ccf      0xd4a ./Drivers/STM32F4xx_HAL_Driver/Src/stm32f4xx_hal_rcc.o
 .debug_line    0x0000000000009a19     0x36c2 ./Drivers/STM32F4xx_HAL_Driver/Src/stm32f4xx_hal_tim.o
 .debug_line    0x000000000000d0db     0x19cb ./Drivers/STM32F4xx_HAL_Driver/Src/stm32f4xx_hal_tim_ex.o
 .debug_line    0x000000000000eaa6     0x2a73 ./Drivers/STM32F4xx_HAL_Driver/Src/stm32f4xx_hal_uart.o
 .debug_line    0x0000000000011519     0x1a8b ./Drivers/STM32F4xx_HAL_Driver/Src/stm32f4xx_ll_usb.o
 .debug_line    0x0000000000012fa4      0xef2 ./Middlewares/ST/STM32_USB_Device_Library/Class/CDC/Src/usbd_cdc.o
 .debug_line    0x0000000000013e96      0xf6c ./Middlewares/ST/STM32_USB_Device_Library/Core/Src/usbd_core.o
 .debug_line    0x0000000000014e02     0x113d ./Middlewares/ST/STM32_USB_Device_Library/Core/Src/usbd_ctlreq.o
 .debug_line    0x0000000000015f3f      0xa84 ./Middlewares/ST/STM32_USB_Device_Library/Core/Src/usbd_ioreq.o
 .debug_line    0x00000000000169c3      0xa40 ./USB_DEVICE/App/usb_device.o